Archive member included to satisfy reference by file (symbol)

c:/program files (x86)/gnu tools arm embedded/7 2018-q2-update/bin/../lib/gcc/arm-none-eabi/7.3.1/../../../../arm-none-eabi/lib/thumb/v7e-m/fpv4-sp/hard\libc_nano.a(lib_a-exit.o)
                              c:/program files (x86)/gnu tools arm embedded/7 2018-q2-update/bin/../lib/gcc/arm-none-eabi/7.3.1/../../../../arm-none-eabi/lib/thumb/v7e-m/fpv4-sp/hard/crt0.o (exit)
c:/program files (x86)/gnu tools arm embedded/7 2018-q2-update/bin/../lib/gcc/arm-none-eabi/7.3.1/../../../../arm-none-eabi/lib/thumb/v7e-m/fpv4-sp/hard\libc_nano.a(lib_a-impure.o)
                              c:/program files (x86)/gnu tools arm embedded/7 2018-q2-update/bin/../lib/gcc/arm-none-eabi/7.3.1/../../../../arm-none-eabi/lib/thumb/v7e-m/fpv4-sp/hard\libc_nano.a(lib_a-exit.o) (_global_impure_ptr)
c:/program files (x86)/gnu tools arm embedded/7 2018-q2-update/bin/../lib/gcc/arm-none-eabi/7.3.1/../../../../arm-none-eabi/lib/thumb/v7e-m/fpv4-sp/hard\libc_nano.a(lib_a-init.o)
                              c:/program files (x86)/gnu tools arm embedded/7 2018-q2-update/bin/../lib/gcc/arm-none-eabi/7.3.1/../../../../arm-none-eabi/lib/thumb/v7e-m/fpv4-sp/hard/crt0.o (__libc_init_array)
c:/program files (x86)/gnu tools arm embedded/7 2018-q2-update/bin/../lib/gcc/arm-none-eabi/7.3.1/../../../../arm-none-eabi/lib/thumb/v7e-m/fpv4-sp/hard\libc_nano.a(lib_a-locale.o)
                              _build/nrf52840_xxaa/nrf_log_str_formatter.c.o (__locale_ctype_ptr)
c:/program files (x86)/gnu tools arm embedded/7 2018-q2-update/bin/../lib/gcc/arm-none-eabi/7.3.1/../../../../arm-none-eabi/lib/thumb/v7e-m/fpv4-sp/hard\libc_nano.a(lib_a-mbtowc_r.o)
                              c:/program files (x86)/gnu tools arm embedded/7 2018-q2-update/bin/../lib/gcc/arm-none-eabi/7.3.1/../../../../arm-none-eabi/lib/thumb/v7e-m/fpv4-sp/hard\libc_nano.a(lib_a-locale.o) (__ascii_mbtowc)
c:/program files (x86)/gnu tools arm embedded/7 2018-q2-update/bin/../lib/gcc/arm-none-eabi/7.3.1/../../../../arm-none-eabi/lib/thumb/v7e-m/fpv4-sp/hard\libc_nano.a(lib_a-memcmp.o)
                              _build/nrf52840_xxaa/ble_advdata.c.o (memcmp)
c:/program files (x86)/gnu tools arm embedded/7 2018-q2-update/bin/../lib/gcc/arm-none-eabi/7.3.1/../../../../arm-none-eabi/lib/thumb/v7e-m/fpv4-sp/hard\libc_nano.a(lib_a-memcpy-stub.o)
                              _build/nrf52840_xxaa/nrf_log_frontend.c.o (memcpy)
c:/program files (x86)/gnu tools arm embedded/7 2018-q2-update/bin/../lib/gcc/arm-none-eabi/7.3.1/../../../../arm-none-eabi/lib/thumb/v7e-m/fpv4-sp/hard\libc_nano.a(lib_a-memset.o)
                              c:/program files (x86)/gnu tools arm embedded/7 2018-q2-update/bin/../lib/gcc/arm-none-eabi/7.3.1/../../../../arm-none-eabi/lib/thumb/v7e-m/fpv4-sp/hard/crt0.o (memset)
c:/program files (x86)/gnu tools arm embedded/7 2018-q2-update/bin/../lib/gcc/arm-none-eabi/7.3.1/../../../../arm-none-eabi/lib/thumb/v7e-m/fpv4-sp/hard\libc_nano.a(lib_a-strcmp.o)
                              c:/program files (x86)/gnu tools arm embedded/7 2018-q2-update/bin/../lib/gcc/arm-none-eabi/7.3.1/../../../../arm-none-eabi/lib/thumb/v7e-m/fpv4-sp/hard\libc_nano.a(lib_a-locale.o) (strcmp)
c:/program files (x86)/gnu tools arm embedded/7 2018-q2-update/bin/../lib/gcc/arm-none-eabi/7.3.1/../../../../arm-none-eabi/lib/thumb/v7e-m/fpv4-sp/hard\libc_nano.a(lib_a-strcpy.o)
                              _build/nrf52840_xxaa/SEGGER_RTT.c.o (strcpy)
c:/program files (x86)/gnu tools arm embedded/7 2018-q2-update/bin/../lib/gcc/arm-none-eabi/7.3.1/../../../../arm-none-eabi/lib/thumb/v7e-m/fpv4-sp/hard\libc_nano.a(lib_a-strlen.o)
                              _build/nrf52840_xxaa/nrf_log_frontend.c.o (strlen)
c:/program files (x86)/gnu tools arm embedded/7 2018-q2-update/bin/../lib/gcc/arm-none-eabi/7.3.1/../../../../arm-none-eabi/lib/thumb/v7e-m/fpv4-sp/hard\libc_nano.a(lib_a-wctomb_r.o)
                              c:/program files (x86)/gnu tools arm embedded/7 2018-q2-update/bin/../lib/gcc/arm-none-eabi/7.3.1/../../../../arm-none-eabi/lib/thumb/v7e-m/fpv4-sp/hard\libc_nano.a(lib_a-locale.o) (__ascii_wctomb)
c:/program files (x86)/gnu tools arm embedded/7 2018-q2-update/bin/../lib/gcc/arm-none-eabi/7.3.1/../../../../arm-none-eabi/lib/thumb/v7e-m/fpv4-sp/hard\libc_nano.a(lib_a-ctype_.o)
                              c:/program files (x86)/gnu tools arm embedded/7 2018-q2-update/bin/../lib/gcc/arm-none-eabi/7.3.1/../../../../arm-none-eabi/lib/thumb/v7e-m/fpv4-sp/hard\libc_nano.a(lib_a-locale.o) (_ctype_)
c:/program files (x86)/gnu tools arm embedded/7 2018-q2-update/bin/../lib/gcc/arm-none-eabi/7.3.1/../../../../arm-none-eabi/lib/thumb/v7e-m/fpv4-sp/hard\libnosys.a(_exit.o)
                              c:/program files (x86)/gnu tools arm embedded/7 2018-q2-update/bin/../lib/gcc/arm-none-eabi/7.3.1/../../../../arm-none-eabi/lib/thumb/v7e-m/fpv4-sp/hard\libc_nano.a(lib_a-exit.o) (_exit)

Allocating common symbols
[...]
Memory Configuration

Name             Origin             Length             Attributes
FLASH            0x00027000         0x000d9000         xr
RAM              0x20002300         0x0003dd00         xrw
*default*        0x00000000         0xffffffff

Linker script and memory map


.text           0x00027000     0x6bbc
 *(.isr_vector)
 .isr_vector    0x00027000      0x200 _build/nrf52840_xxaa/gcc_startup_nrf52840.S.o
                0x00027000                __isr_vector
 *(.text*)
 .text          0x00027200       0x40 c:/program files (x86)/gnu tools arm embedded/7 2018-q2-update/bin/../lib/gcc/arm-none-eabi/7.3.1/thumb/v7e-m/fpv4-sp/hard/crtbegin.o
 .text          0x00027240       0x74 c:/program files (x86)/gnu tools arm embedded/7 2018-q2-update/bin/../lib/gcc/arm-none-eabi/7.3.1/../../../../arm-none-eabi/lib/thumb/v7e-m/fpv4-sp/hard/crt0.o
                0x00027240                _start
                0x00027240                _mainCRTStartup
 .text          0x000272b4       0x3c _build/nrf52840_xxaa/gcc_startup_nrf52840.S.o
                0x000272b4                Reset_Handler
                0x000272dc                NMI_Handler
                0x000272de                HardFault_Handler
                0x000272e0                MemoryManagement_Handler
                0x000272e2                BusFault_Handler
                0x000272e4                UsageFault_Handler
                0x000272e6                SVC_Handler
                0x000272e8                DebugMon_Handler
                0x000272ea                PendSV_Handler
                0x000272ec                SysTick_Handler
                0x000272ee                PDM_IRQHandler
                0x000272ee                TEMP_IRQHandler
                0x000272ee                QDEC_IRQHandler
                0x000272ee                TIMER3_IRQHandler
                0x000272ee                PWM3_IRQHandler
                0x000272ee                RTC0_IRQHandler
                0x000272ee                USBD_IRQHandler
                0x000272ee                SPIM0_SPIS0_TWIM0_TWIS0_SPI0_TWI0_IRQHandler
                0x000272ee                PWM1_IRQHandler
                0x000272ee                TIMER4_IRQHandler
                0x000272ee                RADIO_IRQHandler
                0x000272ee                I2S_IRQHandler
                0x000272ee                SWI4_EGU4_IRQHandler
                0x000272ee                FPU_IRQHandler
                0x000272ee                TIMER2_IRQHandler
                0x000272ee                UARTE1_IRQHandler
                0x000272ee                TIMER1_IRQHandler
                0x000272ee                SPIM3_IRQHandler
                0x000272ee                PWM2_IRQHandler
                0x000272ee                ECB_IRQHandler
                0x000272ee                SPIM1_SPIS1_TWIM1_TWIS1_SPI1_TWI1_IRQHandler
                0x000272ee                Default_Handler
                0x000272ee                SAADC_IRQHandler
                0x000272ee                CCM_AAR_IRQHandler
                0x000272ee                WDT_IRQHandler
                0x000272ee                CRYPTOCELL_IRQHandler
                0x000272ee                SWI5_EGU5_IRQHandler
                0x000272ee                RNG_IRQHandler
                0x000272ee                RTC2_IRQHandler
                0x000272ee                PWM0_IRQHandler
                0x000272ee                SWI3_EGU3_IRQHandler
                0x000272ee                SWI1_EGU1_IRQHandler
                0x000272ee                SPIM2_SPIS2_SPI2_IRQHandler
                0x000272ee                NFCT_IRQHandler
                0x000272ee                SWI0_EGU0_IRQHandler
                0x000272ee                MWU_IRQHandler
                0x000272ee                TIMER0_IRQHandler
                0x000272ee                QSPI_IRQHandler
                0x000272ee                COMP_LPCOMP_IRQHandler
 .text.nrf_log_backend_serial_put
                0x000272f0       0xd4 _build/nrf52840_xxaa/nrf_log_backend_serial.c.o
                0x000272f0                nrf_log_backend_serial_put
 .text.uart_evt_handler
                0x000273c4        0xc _build/nrf52840_xxaa/nrf_log_backend_uart.c.o
 .text.nrf_log_backend_uart_flush
                0x000273d0        0x4 _build/nrf52840_xxaa/nrf_log_backend_uart.c.o
 .text.nrf_log_backend_uart_put
                0x000273d4       0x20 _build/nrf52840_xxaa/nrf_log_backend_uart.c.o
 .text.serial_tx
                0x000273f4       0x4c _build/nrf52840_xxaa/nrf_log_backend_uart.c.o
 .text.nrf_log_backend_uart_panic_set
                0x00027440       0x60 _build/nrf52840_xxaa/nrf_log_backend_uart.c.o
 .text.nrf_log_backend_uart_init
                0x000274a0       0x48 _build/nrf52840_xxaa/nrf_log_backend_uart.c.o
                0x000274a0                nrf_log_backend_uart_init
 .text.nrf_log_default_backends_init
                0x000274e8       0x20 _build/nrf52840_xxaa/nrf_log_default_backends.c.o
                0x000274e8                nrf_log_default_backends_init
 .text.log_skip
                0x00027508       0xd4 _build/nrf52840_xxaa/nrf_log_frontend.c.o
 .text.nrf_log_init
                0x000275dc       0x3c _build/nrf52840_xxaa/nrf_log_frontend.c.o
                0x000275dc                nrf_log_init
 .text.nrf_log_module_name_get
                0x00027618       0x58 _build/nrf52840_xxaa/nrf_log_frontend.c.o
                0x00027618                nrf_log_module_name_get
 .text.nrf_log_color_id_get
                0x00027670       0x2c _build/nrf52840_xxaa/nrf_log_frontend.c.o
                0x00027670                nrf_log_color_id_get
 .text.nrf_log_frontend_std_0
                0x0002769c       0xf0 _build/nrf52840_xxaa/nrf_log_frontend.c.o
                0x0002769c                nrf_log_frontend_std_0
 .text.nrf_log_frontend_dequeue.part.6
                0x0002778c      0x26c _build/nrf52840_xxaa/nrf_log_frontend.c.o
 .text.nrf_log_frontend_std_1
                0x000279f8      0x100 _build/nrf52840_xxaa/nrf_log_frontend.c.o
                0x000279f8                nrf_log_frontend_std_1
 .text.nrf_log_frontend_std_2
                0x00027af8      0x104 _build/nrf52840_xxaa/nrf_log_frontend.c.o
                0x00027af8                nrf_log_frontend_std_2
 .text.nrf_log_frontend_dequeue
                0x00027bfc       0x18 _build/nrf52840_xxaa/nrf_log_frontend.c.o
                0x00027bfc                nrf_log_frontend_dequeue
 .text.nrf_log_backend_add
                0x00027c14       0x68 _build/nrf52840_xxaa/nrf_log_frontend.c.o
                0x00027c14                nrf_log_backend_add
 .text.nrf_log_panic
                0x00027c7c       0x2c _build/nrf52840_xxaa/nrf_log_frontend.c.o
                0x00027c7c                nrf_log_panic
 .text.nrf_log_std_entry_process
                0x00027ca8      0x14c _build/nrf52840_xxaa/nrf_log_str_formatter.c.o
                0x00027ca8                nrf_log_std_entry_process
 .text.nrf_log_hexdump_entry_process
                0x00027df4      0x160 _build/nrf52840_xxaa/nrf_log_str_formatter.c.o
                0x00027df4                nrf_log_hexdump_entry_process
 .text.gpiote_event_handler
                0x00027f54       0x80 _build/nrf52840_xxaa/app_button.c.o
 .text.detection_delay_timeout_handler
                0x00027fd4      0x294 _build/nrf52840_xxaa/app_button.c.o
 .text.app_button_init
                0x00028268       0xb8 _build/nrf52840_xxaa/app_button.c.o
                0x00028268                app_button_init
 .text.app_button_enable
                0x00028320       0x2c _build/nrf52840_xxaa/app_button.c.o
                0x00028320                app_button_enable
 .text.app_button_disable
                0x0002834c       0x58 _build/nrf52840_xxaa/app_button.c.o
                0x0002834c                app_button_disable
 .text.app_error_handler_bare
                0x000283a4       0x20 _build/nrf52840_xxaa/app_error.c.o
                0x000283a4                app_error_handler_bare
 .text.app_error_fault_handler
                0x000283c4       0x70 _build/nrf52840_xxaa/app_error_weak.c.o
                0x000283c4                app_error_fault_handler
 .text.compare_func
                0x00028434       0x18 _build/nrf52840_xxaa/app_timer2.c.o
 .text.rtc_irq  0x0002844c      0x324 _build/nrf52840_xxaa/app_timer2.c.o
 .text.app_timer_init
                0x00028770       0x6c _build/nrf52840_xxaa/app_timer2.c.o
                0x00028770                app_timer_init
 .text.app_timer_create
                0x000287dc       0x1c _build/nrf52840_xxaa/app_timer2.c.o
                0x000287dc                app_timer_create
 .text.app_timer_start
                0x000287f8       0xa0 _build/nrf52840_xxaa/app_timer2.c.o
                0x000287f8                app_timer_start
 .text.app_timer_stop
                0x00028898       0x44 _build/nrf52840_xxaa/app_timer2.c.o
                0x00028898                app_timer_stop
 .text.app_util_critical_region_enter
                0x000288dc       0x4c _build/nrf52840_xxaa/app_util_platform.c.o
                0x000288dc                app_util_critical_region_enter
 .text.app_util_critical_region_exit
                0x00028928       0x30 _build/nrf52840_xxaa/app_util_platform.c.o
                0x00028928                app_util_critical_region_exit
 .text.drv_rtc_init
                0x00028958       0xb0 _build/nrf52840_xxaa/drv_rtc.c.o
                0x00028958                drv_rtc_init
 .text.drv_rtc_start
                0x00028a08        0x8 _build/nrf52840_xxaa/drv_rtc.c.o
                0x00028a08                drv_rtc_start
 .text.drv_rtc_stop
                0x00028a10        0x8 _build/nrf52840_xxaa/drv_rtc.c.o
                0x00028a10                drv_rtc_stop
 .text.drv_rtc_compare_set
                0x00028a18       0x4c _build/nrf52840_xxaa/drv_rtc.c.o
                0x00028a18                drv_rtc_compare_set
 .text.drv_rtc_windowed_compare_set
                0x00028a64       0xf8 _build/nrf52840_xxaa/drv_rtc.c.o
                0x00028a64                drv_rtc_windowed_compare_set
 .text.drv_rtc_overflow_enable
                0x00028b5c       0x14 _build/nrf52840_xxaa/drv_rtc.c.o
                0x00028b5c                drv_rtc_overflow_enable
 .text.drv_rtc_overflow_pending
                0x00028b70       0x20 _build/nrf52840_xxaa/drv_rtc.c.o
                0x00028b70                drv_rtc_overflow_pending
 .text.drv_rtc_compare_disable
                0x00028b90       0x18 _build/nrf52840_xxaa/drv_rtc.c.o
                0x00028b90                drv_rtc_compare_disable
 .text.drv_rtc_compare_pending
                0x00028ba8       0x24 _build/nrf52840_xxaa/drv_rtc.c.o
                0x00028ba8                drv_rtc_compare_pending
 .text.drv_rtc_counter_get
                0x00028bcc        0x8 _build/nrf52840_xxaa/drv_rtc.c.o
                0x00028bcc                drv_rtc_counter_get
 .text.drv_rtc_irq_trigger
                0x00028bd4       0x20 _build/nrf52840_xxaa/drv_rtc.c.o
                0x00028bd4                drv_rtc_irq_trigger
 .text.RTC1_IRQHandler
                0x00028bf4       0x14 _build/nrf52840_xxaa/drv_rtc.c.o
                0x00028bf4                RTC1_IRQHandler
 .text.nrf_atfifo_init
                0x00028c08       0x30 _build/nrf52840_xxaa/nrf_atfifo.c.o
                0x00028c08                nrf_atfifo_init
 .text.nrf_atfifo_item_alloc
                0x00028c38       0x58 _build/nrf52840_xxaa/nrf_atfifo.c.o
                0x00028c38                nrf_atfifo_item_alloc
 .text.nrf_atfifo_item_put
                0x00028c90       0x20 _build/nrf52840_xxaa/nrf_atfifo.c.o
                0x00028c90                nrf_atfifo_item_put
 .text.nrf_atfifo_item_get
                0x00028cb0       0x5c _build/nrf52840_xxaa/nrf_atfifo.c.o
                0x00028cb0                nrf_atfifo_item_get
 .text.nrf_atfifo_item_free
                0x00028d0c       0x20 _build/nrf52840_xxaa/nrf_atfifo.c.o
                0x00028d0c                nrf_atfifo_item_free
 .text.nrf_atflags_set
                0x00028d2c       0x14 _build/nrf52840_xxaa/nrf_atflags.c.o
                0x00028d2c                nrf_atflags_set
 .text.nrf_atflags_clear
                0x00028d40       0x14 _build/nrf52840_xxaa/nrf_atflags.c.o
                0x00028d40                nrf_atflags_clear
 .text.nrf_atflags_get
                0x00028d54       0x14 _build/nrf52840_xxaa/nrf_atflags.c.o
                0x00028d54                nrf_atflags_get
 .text.nrf_atomic_u32_fetch_store
                0x00028d68       0x14 _build/nrf52840_xxaa/nrf_atomic.c.o
                0x00028d68                nrf_atomic_u32_fetch_store
 .text.nrf_atomic_u32_or
                0x00028d7c       0x18 _build/nrf52840_xxaa/nrf_atomic.c.o
                0x00028d7c                nrf_atomic_u32_or
 .text.nrf_atomic_u32_and
                0x00028d94       0x18 _build/nrf52840_xxaa/nrf_atomic.c.o
                0x00028d94                nrf_atomic_u32_and
 .text.nrf_atomic_u32_add
                0x00028dac       0x18 _build/nrf52840_xxaa/nrf_atomic.c.o
                0x00028dac                nrf_atomic_u32_add
 .text.nrf_atomic_u32_sub
                0x00028dc4       0x18 _build/nrf52840_xxaa/nrf_atomic.c.o
                0x00028dc4                nrf_atomic_u32_sub
 .text.nrf_atomic_flag_set
                0x00028ddc       0x18 _build/nrf52840_xxaa/nrf_atomic.c.o
                0x00028ddc                nrf_atomic_flag_set
 .text.nrf_atomic_flag_clear_fetch
                0x00028df4       0x18 _build/nrf52840_xxaa/nrf_atomic.c.o
                0x00028df4                nrf_atomic_flag_clear_fetch
 .text.nrf_balloc_init
                0x00028e0c       0x38 _build/nrf52840_xxaa/nrf_balloc.c.o
                0x00028e0c                nrf_balloc_init
 .text.nrf_balloc_alloc
                0x00028e44       0x50 _build/nrf52840_xxaa/nrf_balloc.c.o
                0x00028e44                nrf_balloc_alloc
 .text.nrf_balloc_free
                0x00028e94       0x38 _build/nrf52840_xxaa/nrf_balloc.c.o
                0x00028e94                nrf_balloc_free
 .text.nrf_fprintf_buffer_flush
                0x00028ecc       0x18 _build/nrf52840_xxaa/nrf_fprintf.c.o
                0x00028ecc                nrf_fprintf_buffer_flush
 .text.nrf_fprintf
                0x00028ee4       0x20 _build/nrf52840_xxaa/nrf_fprintf.c.o
                0x00028ee4                nrf_fprintf
 .text.unsigned_print
                0x00028f04      0x148 _build/nrf52840_xxaa/nrf_fprintf_format.c.o
 .text.nrf_fprintf_fmt
                0x0002904c      0x6e4 _build/nrf52840_xxaa/nrf_fprintf_format.c.o
                0x0002904c                nrf_fprintf_fmt
 .text.nrf_memobj_pool_init
                0x00029730        0x4 _build/nrf52840_xxaa/nrf_memobj.c.o
                0x00029730                nrf_memobj_pool_init
 .text.nrf_memobj_alloc
                0x00029734       0x84 _build/nrf52840_xxaa/nrf_memobj.c.o
                0x00029734                nrf_memobj_alloc
 .text.nrf_memobj_get
                0x000297b8        0x8 _build/nrf52840_xxaa/nrf_memobj.c.o
                0x000297b8                nrf_memobj_get
 .text.nrf_memobj_put
                0x000297c0       0x44 _build/nrf52840_xxaa/nrf_memobj.c.o
                0x000297c0                nrf_memobj_put
 .text.nrf_memobj_write
                0x00029804       0x68 _build/nrf52840_xxaa/nrf_memobj.c.o
                0x00029804                nrf_memobj_write
 .text.nrf_memobj_read
                0x0002986c       0x68 _build/nrf52840_xxaa/nrf_memobj.c.o
                0x0002986c                nrf_memobj_read
 .text.sd_app_evt_wait
                0x000298d4        0x4 _build/nrf52840_xxaa/nrf_pwr_mgmt.c.o
 .text.nrf_pwr_mgmt_init
                0x000298d8       0x2c _build/nrf52840_xxaa/nrf_pwr_mgmt.c.o
                0x000298d8                nrf_pwr_mgmt_init
 .text.nrf_pwr_mgmt_run
                0x00029904       0x50 _build/nrf52840_xxaa/nrf_pwr_mgmt.c.o
                0x00029904                nrf_pwr_mgmt_run
 .text.nrf_ringbuf_init
                0x00029954       0x1c _build/nrf52840_xxaa/nrf_ringbuf.c.o
                0x00029954                nrf_ringbuf_init
 .text.nrf_section_iter_init
                0x00029970       0x14 _build/nrf52840_xxaa/nrf_section_iter.c.o
                0x00029970                nrf_section_iter_init
 .text.nrf_section_iter_next
                0x00029984       0x18 _build/nrf52840_xxaa/nrf_section_iter.c.o
                0x00029984                nrf_section_iter_next
 .text.nrf_sortlist_add
                0x0002999c       0x28 _build/nrf52840_xxaa/nrf_sortlist.c.o
                0x0002999c                nrf_sortlist_add
 .text.nrf_sortlist_pop
                0x000299c4        0xc _build/nrf52840_xxaa/nrf_sortlist.c.o
                0x000299c4                nrf_sortlist_pop
 .text.nrf_sortlist_peek
                0x000299d0        0x8 _build/nrf52840_xxaa/nrf_sortlist.c.o
                0x000299d0                nrf_sortlist_peek
 .text.nrf_sortlist_remove
                0x000299d8       0x28 _build/nrf52840_xxaa/nrf_sortlist.c.o
                0x000299d8                nrf_sortlist_remove
 .text.nrf_strerror_get
                0x00029a00       0x6c _build/nrf52840_xxaa/nrf_strerror.c.o
                0x00029a00                nrf_strerror_get
 .text.SystemInit
                0x00029a6c      0x1c4 _build/nrf52840_xxaa/system_nrf52840.c.o
                0x00029a6c                SystemInit
 .text.bsp_board_led_on
                0x00029c30       0x28 _build/nrf52840_xxaa/boards.c.o
                0x00029c30                bsp_board_led_on
 .text.bsp_board_led_off
                0x00029c58       0x28 _build/nrf52840_xxaa/boards.c.o
                0x00029c58                bsp_board_led_off
 .text.bsp_board_init
                0x00029c80       0xd4 _build/nrf52840_xxaa/boards.c.o
                0x00029c80                bsp_board_init
 .text.clock_irq_handler
                0x00029d54       0x44 _build/nrf52840_xxaa/nrf_drv_clock.c.o
 .text.soc_evt_handler
                0x00029d98       0x28 _build/nrf52840_xxaa/nrf_drv_clock.c.o
 .text.sd_state_evt_handler
                0x00029dc0       0xa0 _build/nrf52840_xxaa/nrf_drv_clock.c.o
 .text.uarte_evt_handler
                0x00029e60       0x34 _build/nrf52840_xxaa/nrf_drv_uart.c.o
 .text.uart_evt_handler
                0x00029e94       0x34 _build/nrf52840_xxaa/nrf_drv_uart.c.o
 .text.nrf_drv_uart_init
                0x00029ec8       0x88 _build/nrf52840_xxaa/nrf_drv_uart.c.o
                0x00029ec8                nrf_drv_uart_init
 .text.nrfx_clock_init
                0x00029f50       0x1c _build/nrf52840_xxaa/nrfx_clock.c.o
                0x00029f50                nrfx_clock_init
 .text.nrfx_clock_enable
                0x00029f6c       0x24 _build/nrf52840_xxaa/nrfx_clock.c.o
                0x00029f6c                nrfx_clock_enable
 .text.nrfx_clock_lfclk_stop
                0x00029f90       0x18 _build/nrf52840_xxaa/nrfx_clock.c.o
                0x00029f90                nrfx_clock_lfclk_stop
 .text.POWER_CLOCK_IRQHandler
                0x00029fa8       0x64 _build/nrf52840_xxaa/nrfx_clock.c.o
                0x00029fa8                POWER_CLOCK_IRQHandler
 .text.nrfx_gpiote_init
                0x0002a00c       0x94 _build/nrf52840_xxaa/nrfx_gpiote.c.o
                0x0002a00c                nrfx_gpiote_init
 .text.nrfx_gpiote_is_init
                0x0002a0a0       0x14 _build/nrf52840_xxaa/nrfx_gpiote.c.o
                0x0002a0a0                nrfx_gpiote_is_init
 .text.nrfx_gpiote_in_init
                0x0002a0b4      0x1e0 _build/nrf52840_xxaa/nrfx_gpiote.c.o
                0x0002a0b4                nrfx_gpiote_in_init
 .text.nrfx_gpiote_in_event_enable
                0x0002a294       0xf8 _build/nrf52840_xxaa/nrfx_gpiote.c.o
                0x0002a294                nrfx_gpiote_in_event_enable
 .text.nrfx_gpiote_in_event_disable
                0x0002a38c       0x74 _build/nrf52840_xxaa/nrfx_gpiote.c.o
                0x0002a38c                nrfx_gpiote_in_event_disable
 .text.nrfx_gpiote_in_is_set
                0x0002a400       0x20 _build/nrf52840_xxaa/nrfx_gpiote.c.o
                0x0002a400                nrfx_gpiote_in_is_set
 .text.GPIOTE_IRQHandler
                0x0002a420      0x568 _build/nrf52840_xxaa/nrfx_gpiote.c.o
                0x0002a420                GPIOTE_IRQHandler
 .text.UARTE0_UART0_IRQHandler
                0x0002a988        0xc _build/nrf52840_xxaa/nrfx_prs.c.o
                0x0002a988                UARTE0_UART0_IRQHandler
 .text.nrfx_prs_acquire
                0x0002a994       0x4c _build/nrf52840_xxaa/nrfx_prs.c.o
                0x0002a994                nrfx_prs_acquire
 .text.nrfx_prs_release
                0x0002a9e0       0x18 _build/nrf52840_xxaa/nrfx_prs.c.o
                0x0002a9e0                nrfx_prs_release
 .text.nrfx_uart_0_irq_handler
                0x0002a9f8      0x1c0 _build/nrf52840_xxaa/nrfx_uart.c.o
                0x0002a9f8                nrfx_uart_0_irq_handler
 .text.nrfx_uart_init
                0x0002abb8      0x1e4 _build/nrf52840_xxaa/nrfx_uart.c.o
                0x0002abb8                nrfx_uart_init
 .text.nrfx_uart_uninit
                0x0002ad9c       0xfc _build/nrf52840_xxaa/nrfx_uart.c.o
                0x0002ad9c                nrfx_uart_uninit
 .text.nrfx_uart_tx
                0x0002ae98       0xcc _build/nrf52840_xxaa/nrfx_uart.c.o
                0x0002ae98                nrfx_uart_tx
 .text.nrfx_uarte_0_irq_handler
                0x0002af64      0x154 _build/nrf52840_xxaa/nrfx_uarte.c.o
                0x0002af64                nrfx_uarte_0_irq_handler
 .text.nrfx_uarte_init
                0x0002b0b8      0x218 _build/nrf52840_xxaa/nrfx_uarte.c.o
                0x0002b0b8                nrfx_uarte_init
 .text.nrfx_uarte_uninit
                0x0002b2d0      0x134 _build/nrf52840_xxaa/nrfx_uarte.c.o
                0x0002b2d0                nrfx_uarte_uninit
 .text.nrfx_uarte_tx
                0x0002b404       0xac _build/nrf52840_xxaa/nrfx_uarte.c.o
                0x0002b404                nrfx_uarte_tx
 .text.sd_ble_gap_adv_set_configure
                0x0002b4b0        0x4 _build/nrf52840_xxaa/main.c.o
 .text.sd_ble_gap_adv_start
                0x0002b4b4        0x4 _build/nrf52840_xxaa/main.c.o
 .text.sd_ble_gap_disconnect
                0x0002b4b8        0x4 _build/nrf52840_xxaa/main.c.o
 .text.sd_ble_gap_ppcp_set
                0x0002b4bc        0x4 _build/nrf52840_xxaa/main.c.o
 .text.sd_ble_gap_device_name_set
                0x0002b4c0        0x4 _build/nrf52840_xxaa/main.c.o
 .text.sd_ble_gap_sec_params_reply
                0x0002b4c4        0x4 _build/nrf52840_xxaa/main.c.o
 .text.sd_ble_gap_phy_update
                0x0002b4c8        0x4 _build/nrf52840_xxaa/main.c.o
 .text.sd_ble_gatts_sys_attr_set
                0x0002b4cc        0x4 _build/nrf52840_xxaa/main.c.o
 .text.nrf_qwr_error_handler
                0x0002b4d0        0x4 _build/nrf52840_xxaa/main.c.o
 .text.on_conn_params_evt
                0x0002b4d4       0x24 _build/nrf52840_xxaa/main.c.o
 .text.button_event_handler
                0x0002b4f8       0x60 _build/nrf52840_xxaa/main.c.o
 .text.led_write_handler
                0x0002b558       0x44 _build/nrf52840_xxaa/main.c.o
 .text.conn_params_error_handler
                0x0002b59c        0x4 _build/nrf52840_xxaa/main.c.o
 .text.ble_evt_handler
                0x0002b5a0      0x14c _build/nrf52840_xxaa/main.c.o
 .text.startup.main
                0x0002b6ec      0x230 _build/nrf52840_xxaa/main.c.o
                0x0002b6ec                main
 .text.sd_ble_gap_addr_get
                0x0002b91c        0x4 _build/nrf52840_xxaa/ble_advdata.c.o
 .text.sd_ble_gap_appearance_get
                0x0002b920        0x4 _build/nrf52840_xxaa/ble_advdata.c.o
 .text.sd_ble_gap_device_name_get
                0x0002b924        0x4 _build/nrf52840_xxaa/ble_advdata.c.o
 .text.sd_ble_uuid_encode
                0x0002b928        0x4 _build/nrf52840_xxaa/ble_advdata.c.o
 .text.uuid_list_sized_encode
                0x0002b92c       0xb4 _build/nrf52840_xxaa/ble_advdata.c.o
 .text.ble_advdata_encode
                0x0002b9e0      0x3fc _build/nrf52840_xxaa/ble_advdata.c.o
                0x0002b9e0                ble_advdata_encode
 .text.sd_ble_gap_conn_param_update
                0x0002bddc        0x4 _build/nrf52840_xxaa/ble_conn_params.c.o
 .text.sd_ble_gap_disconnect
                0x0002bde0        0x4 _build/nrf52840_xxaa/ble_conn_params.c.o
 .text.sd_ble_gap_ppcp_set
                0x0002bde4        0x4 _build/nrf52840_xxaa/ble_conn_params.c.o
 .text.sd_ble_gap_ppcp_get
                0x0002bde8        0x4 _build/nrf52840_xxaa/ble_conn_params.c.o
 .text.update_timeout_handler
                0x0002bdec       0x80 _build/nrf52840_xxaa/ble_conn_params.c.o
 .text.ble_evt_handler
                0x0002be6c      0x1d4 _build/nrf52840_xxaa/ble_conn_params.c.o
 .text.ble_conn_params_init
                0x0002c040       0x7c _build/nrf52840_xxaa/ble_conn_params.c.o
                0x0002c040                ble_conn_params_init
 .text.ble_evt_handler
                0x0002c0bc      0x160 _build/nrf52840_xxaa/ble_conn_state.c.o
 .text.sd_ble_gatts_characteristic_add
                0x0002c21c        0x4 _build/nrf52840_xxaa/ble_srv_common.c.o
 .text.ble_srv_is_notification_enabled
                0x0002c220        0x8 _build/nrf52840_xxaa/ble_srv_common.c.o
                0x0002c220                ble_srv_is_notification_enabled
 .text.characteristic_add
                0x0002c228      0x270 _build/nrf52840_xxaa/ble_srv_common.c.o
                0x0002c228                characteristic_add
 .text.sd_ble_gap_data_length_update
                0x0002c498        0x4 _build/nrf52840_xxaa/nrf_ble_gatt.c.o
 .text.sd_ble_gattc_exchange_mtu_request
                0x0002c49c        0x4 _build/nrf52840_xxaa/nrf_ble_gatt.c.o
 .text.sd_ble_gatts_exchange_mtu_reply
                0x0002c4a0        0x4 _build/nrf52840_xxaa/nrf_ble_gatt.c.o
 .text.nrf_ble_gatt_init
                0x0002c4a4       0x2c _build/nrf52840_xxaa/nrf_ble_gatt.c.o
                0x0002c4a4                nrf_ble_gatt_init
 .text.nrf_ble_gatt_on_ble_evt
                0x0002c4d0      0x240 _build/nrf52840_xxaa/nrf_ble_gatt.c.o
                0x0002c4d0                nrf_ble_gatt_on_ble_evt
 .text.sd_ble_gatts_rw_authorize_reply
                0x0002c710        0x4 _build/nrf52840_xxaa/nrf_ble_qwr.c.o
 .text.sd_ble_user_mem_reply
                0x0002c714        0x4 _build/nrf52840_xxaa/nrf_ble_qwr.c.o
 .text.nrf_ble_qwr_init
                0x0002c718       0x24 _build/nrf52840_xxaa/nrf_ble_qwr.c.o
                0x0002c718                nrf_ble_qwr_init
 .text.nrf_ble_qwr_conn_handle_assign
                0x0002c73c       0x18 _build/nrf52840_xxaa/nrf_ble_qwr.c.o
                0x0002c73c                nrf_ble_qwr_conn_handle_assign
 .text.nrf_ble_qwr_on_ble_evt
                0x0002c754       0xf8 _build/nrf52840_xxaa/nrf_ble_qwr.c.o
                0x0002c754                nrf_ble_qwr_on_ble_evt
 .text.sd_ble_gatts_service_add
                0x0002c84c        0x4 _build/nrf52840_xxaa/ble_lbs.c.o
 .text.sd_ble_gatts_hvx
                0x0002c850        0x4 _build/nrf52840_xxaa/ble_lbs.c.o
 .text.sd_ble_uuid_vs_add
                0x0002c854        0x4 _build/nrf52840_xxaa/ble_lbs.c.o
 .text.ble_lbs_on_ble_evt
                0x0002c858       0x30 _build/nrf52840_xxaa/ble_lbs.c.o
                0x0002c858                ble_lbs_on_ble_evt
 .text.ble_lbs_init
                0x0002c888       0xc4 _build/nrf52840_xxaa/ble_lbs.c.o
                0x0002c888                ble_lbs_init
 .text.ble_lbs_on_button_change
                0x0002c94c       0x40 _build/nrf52840_xxaa/ble_lbs.c.o
                0x0002c94c                ble_lbs_on_button_change
 .text.sd_softdevice_enable
                0x0002c98c        0x4 _build/nrf52840_xxaa/nrf_sdh.c.o
 .text.nrf_sdh_enable_request
                0x0002c990      0x114 _build/nrf52840_xxaa/nrf_sdh.c.o
                0x0002c990                nrf_sdh_enable_request
 .text.nrf_sdh_is_enabled
                0x0002caa4        0xc _build/nrf52840_xxaa/nrf_sdh.c.o
                0x0002caa4                nrf_sdh_is_enabled
 .text.SWI2_EGU2_IRQHandler
                0x0002cab0       0x2c _build/nrf52840_xxaa/nrf_sdh.c.o
                0x0002cab0                SWI2_EGU2_IRQHandler
 .text.sd_ble_enable
                0x0002cadc        0x4 _build/nrf52840_xxaa/nrf_sdh_ble.c.o
 .text.sd_ble_cfg_set
                0x0002cae0        0x4 _build/nrf52840_xxaa/nrf_sdh_ble.c.o
 .text.sd_ble_evt_get
                0x0002cae4        0x4 _build/nrf52840_xxaa/nrf_sdh_ble.c.o
 .text.nrf_sdh_ble_evts_poll
                0x0002cae8       0x58 _build/nrf52840_xxaa/nrf_sdh_ble.c.o
 .text.nrf_sdh_ble_default_cfg_set
                0x0002cb40      0x178 _build/nrf52840_xxaa/nrf_sdh_ble.c.o
                0x0002cb40                nrf_sdh_ble_default_cfg_set
 .text.nrf_sdh_ble_enable
                0x0002ccb8       0x9c _build/nrf52840_xxaa/nrf_sdh_ble.c.o
                0x0002ccb8                nrf_sdh_ble_enable
 .text.sd_evt_get
                0x0002cd54        0x4 _build/nrf52840_xxaa/nrf_sdh_soc.c.o
 .text.nrf_sdh_soc_evts_poll
                0x0002cd58       0x4c _build/nrf52840_xxaa/nrf_sdh_soc.c.o
 .text.exit     0x0002cda4       0x28 c:/program files (x86)/gnu tools arm embedded/7 2018-q2-update/bin/../lib/gcc/arm-none-eabi/7.3.1/../../../../arm-none-eabi/lib/thumb/v7e-m/fpv4-sp/hard\libc_nano.a(lib_a-exit.o)
                0x0002cda4                exit
 .text.__libc_init_array
                0x0002cdcc       0x48 c:/program files (x86)/gnu tools arm embedded/7 2018-q2-update/bin/../lib/gcc/arm-none-eabi/7.3.1/../../../../arm-none-eabi/lib/thumb/v7e-m/fpv4-sp/hard\libc_nano.a(lib_a-init.o)
                0x0002cdcc                __libc_init_array
 .text.__locale_ctype_ptr
                0x0002ce14       0x1c c:/program files (x86)/gnu tools arm embedded/7 2018-q2-update/bin/../lib/gcc/arm-none-eabi/7.3.1/../../../../arm-none-eabi/lib/thumb/v7e-m/fpv4-sp/hard\libc_nano.a(lib_a-locale.o)
                0x0002ce14                __locale_ctype_ptr
 .text.__ascii_mbtowc
                0x0002ce30       0x24 c:/program files (x86)/gnu tools arm embedded/7 2018-q2-update/bin/../lib/gcc/arm-none-eabi/7.3.1/../../../../arm-none-eabi/lib/thumb/v7e-m/fpv4-sp/hard\libc_nano.a(lib_a-mbtowc_r.o)
                0x0002ce30                __ascii_mbtowc
 .text.memcpy   0x0002ce54       0x16 c:/program files (x86)/gnu tools arm embedded/7 2018-q2-update/bin/../lib/gcc/arm-none-eabi/7.3.1/../../../../arm-none-eabi/lib/thumb/v7e-m/fpv4-sp/hard\libc_nano.a(lib_a-memcpy-stub.o)
                0x0002ce54                memcpy
 .text.memset   0x0002ce6a       0x10 c:/program files (x86)/gnu tools arm embedded/7 2018-q2-update/bin/../lib/gcc/arm-none-eabi/7.3.1/../../../../arm-none-eabi/lib/thumb/v7e-m/fpv4-sp/hard\libc_nano.a(lib_a-memset.o)
                0x0002ce6a                memset
 .text          0x0002ce7a       0x10 c:/program files (x86)/gnu tools arm embedded/7 2018-q2-update/bin/../lib/gcc/arm-none-eabi/7.3.1/../../../../arm-none-eabi/lib/thumb/v7e-m/fpv4-sp/hard\libc_nano.a(lib_a-strlen.o)
                0x0002ce7a                strlen
 .text.__ascii_wctomb
                0x0002ce8a       0x1a c:/program files (x86)/gnu tools arm embedded/7 2018-q2-update/bin/../lib/gcc/arm-none-eabi/7.3.1/../../../../arm-none-eabi/lib/thumb/v7e-m/fpv4-sp/hard\libc_nano.a(lib_a-wctomb_r.o)
                0x0002ce8a                __ascii_wctomb
 .text._exit    0x0002cea4        0x4 c:/program files (x86)/gnu tools arm embedded/7 2018-q2-update/bin/../lib/gcc/arm-none-eabi/7.3.1/../../../../arm-none-eabi/lib/thumb/v7e-m/fpv4-sp/hard\libnosys.a(_exit.o)
                0x0002cea4                _exit
 *(.init)
 .init          0x0002cea8        0x4 c:/program files (x86)/gnu tools arm embedded/7 2018-q2-update/bin/../lib/gcc/arm-none-eabi/7.3.1/thumb/v7e-m/fpv4-sp/hard/crti.o
                0x0002cea8                _init
 .init          0x0002ceac        0x8 c:/program files (x86)/gnu tools arm embedded/7 2018-q2-update/bin/../lib/gcc/arm-none-eabi/7.3.1/thumb/v7e-m/fpv4-sp/hard/crtn.o
 *(.fini)
 .fini          0x0002ceb4        0x4 c:/program files (x86)/gnu tools arm embedded/7 2018-q2-update/bin/../lib/gcc/arm-none-eabi/7.3.1/thumb/v7e-m/fpv4-sp/hard/crti.o
                0x0002ceb4                _fini
 .fini          0x0002ceb8        0x8 c:/program files (x86)/gnu tools arm embedded/7 2018-q2-update/bin/../lib/gcc/arm-none-eabi/7.3.1/thumb/v7e-m/fpv4-sp/hard/crtn.o
 *crtbegin.o(.ctors)
 *crtbegin?.o(.ctors)
 *(EXCLUDE_FILE(*crtend.o *crtend?.o) .ctors)
 *(SORT_BY_NAME(.ctors.*))
 *(.ctors)
 *crtbegin.o(.dtors)
 *crtbegin?.o(.dtors)
 *(EXCLUDE_FILE(*crtend.o *crtend?.o) .dtors)
 *(SORT_BY_NAME(.dtors.*))
 *(.dtors)
 *(.rodata*)
 .rodata        0x0002cec0       0x20 _build/nrf52840_xxaa/nrf_log_backend_uart.c.o
 .rodata.nrf_log_backend_uart_api
                0x0002cee0        0xc _build/nrf52840_xxaa/nrf_log_backend_uart.c.o
                0x0002cee0                nrf_log_backend_uart_api
 .rodata.str1.4
                0x0002ceec       0x11 _build/nrf52840_xxaa/nrf_log_default_backends.c.o
 *fill*         0x0002cefd        0x3 
 .rodata.m_log_push_ringbuf
                0x0002cf00        0xc _build/nrf52840_xxaa/nrf_log_frontend.c.o
 .rodata.nrf_log_frontend_dequeue.part.6.str1.4
                0x0002cf0c       0x11 _build/nrf52840_xxaa/nrf_log_frontend.c.o
 *fill*         0x0002cf1d        0x3 
 .rodata.str1.4
                0x0002cf20        0x4 _build/nrf52840_xxaa/nrf_log_frontend.c.o
 .rodata.m_colors
                0x0002cf24       0x24 _build/nrf52840_xxaa/nrf_log_str_formatter.c.o
 .rodata.nrf_log_hexdump_entry_process.str1.4
                0x0002cf48       0x13 _build/nrf52840_xxaa/nrf_log_str_formatter.c.o
                                 0x16 (size before relaxing)
 *fill*         0x0002cf5b        0x1 
 .rodata.nrf_log_std_entry_process.str1.4
                0x0002cf5c       0x3b _build/nrf52840_xxaa/nrf_log_str_formatter.c.o
 *fill*         0x0002cf97        0x1 
 .rodata.severity_names
                0x0002cf98       0x14 _build/nrf52840_xxaa/nrf_log_str_formatter.c.o
 .rodata.str1.4
                0x0002cfac       0x56 _build/nrf52840_xxaa/nrf_log_str_formatter.c.o
 *fill*         0x0002d002        0x2 
 .rodata.m_detection_delay_timer_id
                0x0002d004        0x4 _build/nrf52840_xxaa/app_button.c.o
 .rodata.str1.4
                0x0002d008        0xb _build/nrf52840_xxaa/app_button.c.o
 *fill*         0x0002d013        0x1 
 .rodata.app_error_fault_handler.str1.4
                0x0002d014       0x19 _build/nrf52840_xxaa/app_error_weak.c.o
 *fill*         0x0002d02d        0x3 
 .rodata        0x0002d030        0x4 _build/nrf52840_xxaa/app_timer2.c.o
 .rodata.m_app_timer_sortlist
                0x0002d034        0xc _build/nrf52840_xxaa/app_timer2.c.o
 .rodata.str1.4
                0x0002d040        0xa _build/nrf52840_xxaa/app_timer2.c.o
 *fill*         0x0002d04a        0x6 
 .rodata.delay_machine_code.8635
                0x0002d050        0x6 _build/nrf52840_xxaa/drv_rtc.c.o
 *fill*         0x0002d056        0x2 
 .rodata.drv_rtc_init.str1.4
                0x0002d058       0x36 _build/nrf52840_xxaa/drv_rtc.c.o
 *fill*         0x0002d08e        0x2 
 .rodata._aV2C.7695
                0x0002d090       0x10 _build/nrf52840_xxaa/nrf_fprintf_format.c.o
 .rodata.pwr_mgmt_data
                0x0002d0a0        0xc _build/nrf52840_xxaa/nrf_pwr_mgmt.c.o
 .rodata.str1.4
                0x0002d0ac        0x9 _build/nrf52840_xxaa/nrf_pwr_mgmt.c.o
 *fill*         0x0002d0b5        0x3 
 .rodata.str1.4
                0x0002d0b8        0x9 _build/nrf52840_xxaa/nrf_sortlist.c.o
 *fill*         0x0002d0c1        0x3 
 .rodata.m_unknown_str
                0x0002d0c4       0x13 _build/nrf52840_xxaa/nrf_strerror.c.o
 *fill*         0x0002d0d7        0x1 
 .rodata.nrf_strerror_array
                0x0002d0d8      0x128 _build/nrf52840_xxaa/nrf_strerror.c.o
 .rodata.str1.4
                0x0002d200      0x3e9 _build/nrf52840_xxaa/nrf_strerror.c.o
 *fill*         0x0002d5e9        0x3 
 .rodata.m_board_led_list
                0x0002d5ec        0x4 _build/nrf52840_xxaa/boards.c.o
 .rodata.str1.4
                0x0002d5f0        0x6 _build/nrf52840_xxaa/nrf_drv_clock.c.o
 *fill*         0x0002d5f6        0x2 
 .rodata.str1.4
                0x0002d5f8        0x6 _build/nrf52840_xxaa/nrfx_clock.c.o
 *fill*         0x0002d5fe        0x2 
 .rodata.str1.4
                0x0002d600        0x7 _build/nrf52840_xxaa/nrfx_gpiote.c.o
 *fill*         0x0002d607        0x1 
 .rodata.str1.4
                0x0002d608        0x4 _build/nrf52840_xxaa/nrfx_prs.c.o
 .rodata.str1.4
                0x0002d60c        0x5 _build/nrf52840_xxaa/nrfx_uart.c.o
 *fill*         0x0002d611        0x3 
 .rodata.str1.4
                0x0002d614        0x6 _build/nrf52840_xxaa/nrfx_uarte.c.o
 *fill*         0x0002d61a        0x2 
 .rodata.ble_evt_handler.str1.4
                0x0002d61c       0x19 _build/nrf52840_xxaa/main.c.o
 *fill*         0x0002d635        0x3 
 .rodata.button_event_handler.str1.4
                0x0002d638       0x1a _build/nrf52840_xxaa/main.c.o
 *fill*         0x0002d652        0x2 
 .rodata.led_write_handler.str1.4
                0x0002d654       0x26 _build/nrf52840_xxaa/main.c.o
 *fill*         0x0002d67a        0x2 
 .rodata.main.str1.4
                0x0002d67c       0x2c _build/nrf52840_xxaa/main.c.o
 .rodata.nrf_ble_gatt_data_length_set.str1.4
                0x0002d6a8       0xe2 _build/nrf52840_xxaa/nrf_ble_gatt.c.o
 *fill*         0x0002d78a        0x2 
 .rodata.nrf_ble_gatt_on_ble_evt.str1.4
                0x0002d78c       0x63 _build/nrf52840_xxaa/nrf_ble_gatt.c.o
 *fill*         0x0002d7ef        0x1 
 .rodata.str1.4
                0x0002d7f0        0xd _build/nrf52840_xxaa/nrf_ble_gatt.c.o
 *fill*         0x0002d7fd        0x3 
 .rodata        0x0002d800       0x10 _build/nrf52840_xxaa/ble_lbs.c.o
 .rodata        0x0002d810        0x4 _build/nrf52840_xxaa/nrf_sdh.c.o
 .rodata.sdh_req_observers
                0x0002d814        0xc _build/nrf52840_xxaa/nrf_sdh.c.o
 .rodata.sdh_stack_observers
                0x0002d820        0xc _build/nrf52840_xxaa/nrf_sdh.c.o
 .rodata.sdh_state_observers
                0x0002d82c        0xc _build/nrf52840_xxaa/nrf_sdh.c.o
 .rodata.str1.4
                0x0002d838        0x8 _build/nrf52840_xxaa/nrf_sdh.c.o
 .rodata.nrf_sdh_ble_default_cfg_set.str1.4
                0x0002d840      0x187 _build/nrf52840_xxaa/nrf_sdh_ble.c.o
 *fill*         0x0002d9c7        0x1 
 .rodata.nrf_sdh_ble_enable.str1.4
                0x0002d9c8       0xad _build/nrf52840_xxaa/nrf_sdh_ble.c.o
 *fill*         0x0002da75        0x3 
 .rodata.sdh_ble_observers
                0x0002da78        0xc _build/nrf52840_xxaa/nrf_sdh_ble.c.o
 .rodata.str1.4
                0x0002da84        0xc _build/nrf52840_xxaa/nrf_sdh_ble.c.o
 .rodata.sdh_soc_observers
                0x0002da90        0xc _build/nrf52840_xxaa/nrf_sdh_soc.c.o
 .rodata.str1.4
                0x0002da9c        0xc _build/nrf52840_xxaa/nrf_sdh_soc.c.o
 .rodata._global_impure_ptr
                0x0002daa8        0x4 c:/program files (x86)/gnu tools arm embedded/7 2018-q2-update/bin/../lib/gcc/arm-none-eabi/7.3.1/../../../../arm-none-eabi/lib/thumb/v7e-m/fpv4-sp/hard\libc_nano.a(lib_a-impure.o)
                0x0002daa8                _global_impure_ptr
 .rodata._setlocale_r.str1.1
                0x0002daac        0x8 c:/program files (x86)/gnu tools arm embedded/7 2018-q2-update/bin/../lib/gcc/arm-none-eabi/7.3.1/../../../../arm-none-eabi/lib/thumb/v7e-m/fpv4-sp/hard\libc_nano.a(lib_a-locale.o)
                                  0x9 (size before relaxing)
 .rodata.str1.1
                0x0002dab4        0x2 c:/program files (x86)/gnu tools arm embedded/7 2018-q2-update/bin/../lib/gcc/arm-none-eabi/7.3.1/../../../../arm-none-eabi/lib/thumb/v7e-m/fpv4-sp/hard\libc_nano.a(lib_a-locale.o)
 .rodata._ctype_
                0x0002dab6      0x101 c:/program files (x86)/gnu tools arm embedded/7 2018-q2-update/bin/../lib/gcc/arm-none-eabi/7.3.1/../../../../arm-none-eabi/lib/thumb/v7e-m/fpv4-sp/hard\libc_nano.a(lib_a-ctype_.o)
                0x0002dab6                _ctype_
 *(.eh_frame*)
 *fill*         0x0002dbb7        0x1 
 .eh_frame      0x0002dbb8        0x0 c:/program files (x86)/gnu tools arm embedded/7 2018-q2-update/bin/../lib/gcc/arm-none-eabi/7.3.1/thumb/v7e-m/fpv4-sp/hard/crtbegin.o
 .eh_frame      0x0002dbb8        0x4 c:/program files (x86)/gnu tools arm embedded/7 2018-q2-update/bin/../lib/gcc/arm-none-eabi/7.3.1/thumb/v7e-m/fpv4-sp/hard/crtend.o

.glue_7         0x0002dbbc        0x0
 .glue_7        0x0002dbbc        0x0 linker stubs

.glue_7t        0x0002dbbc        0x0
 .glue_7t       0x0002dbbc        0x0 linker stubs

.vfp11_veneer   0x0002dbbc        0x0
 .vfp11_veneer  0x0002dbbc        0x0 linker stubs

.v4_bx          0x0002dbbc        0x0
 .v4_bx         0x0002dbbc        0x0 linker stubs

.iplt           0x0002dbbc        0x0
 .iplt          0x0002dbbc        0x0 c:/program files (x86)/gnu tools arm embedded/7 2018-q2-update/bin/../lib/gcc/arm-none-eabi/7.3.1/thumb/v7e-m/fpv4-sp/hard/crtbegin.o

.mem_section_dummy_rom

.sdh_soc_observers
                0x0002dbbc        0x8
                0x0002dbbc                PROVIDE (__start_sdh_soc_observers = .)
 *(SORT_BY_NAME(.sdh_soc_observers*))
 .sdh_soc_observers0
                0x0002dbbc        0x8 _build/nrf52840_xxaa/nrf_drv_clock.c.o
                0x0002dbc4                PROVIDE (__stop_sdh_soc_observers = .)

.pwr_mgmt_data  0x0002dbc4        0x0
                0x0002dbc4                PROVIDE (__start_pwr_mgmt_data = .)
 *(SORT_BY_NAME(.pwr_mgmt_data*))
                0x0002dbc4                PROVIDE (__stop_pwr_mgmt_data = .)

.sdh_ble_observers
                0x0002dbc4       0x30
                0x0002dbc4                PROVIDE (__start_sdh_ble_observers = .)
 *(SORT_BY_NAME(.sdh_ble_observers*))
 .sdh_ble_observers0
                0x0002dbc4        0x8 _build/nrf52840_xxaa/ble_conn_state.c.o
 .sdh_ble_observers1
                0x0002dbcc        0x8 _build/nrf52840_xxaa/main.c.o
 .sdh_ble_observers1
                0x0002dbd4        0x8 _build/nrf52840_xxaa/ble_conn_params.c.o
 .sdh_ble_observers2
                0x0002dbdc       0x10 _build/nrf52840_xxaa/main.c.o
 .sdh_ble_observers3
                0x0002dbec        0x8 _build/nrf52840_xxaa/main.c.o
                0x0002dbf4                PROVIDE (__stop_sdh_ble_observers = .)

.sdh_state_observers
                0x0002dbf4        0x8
                0x0002dbf4                PROVIDE (__start_sdh_state_observers = .)
 *(SORT_BY_NAME(.sdh_state_observers*))
 .sdh_state_observers0
                0x0002dbf4        0x8 _build/nrf52840_xxaa/nrf_drv_clock.c.o
                0x0002dbfc                PROVIDE (__stop_sdh_state_observers = .)

.sdh_stack_observers
                0x0002dbfc       0x10
                0x0002dbfc                PROVIDE (__start_sdh_stack_observers = .)
 *(SORT_BY_NAME(.sdh_stack_observers*))
 .sdh_stack_observers0
                0x0002dbfc        0x8 _build/nrf52840_xxaa/nrf_sdh_ble.c.o
 .sdh_stack_observers0
                0x0002dc04        0x8 _build/nrf52840_xxaa/nrf_sdh_soc.c.o
                0x0002dc0c                PROVIDE (__stop_sdh_stack_observers = .)

.sdh_req_observers
                0x0002dc0c        0x0
                0x0002dc0c                PROVIDE (__start_sdh_req_observers = .)
 *(SORT_BY_NAME(.sdh_req_observers*))
                0x0002dc0c                PROVIDE (__stop_sdh_req_observers = .)

.nrf_queue      0x0002dc0c        0x0
                [!provide]                PROVIDE (__start_nrf_queue = .)
 *(.nrf_queue)
                [!provide]                PROVIDE (__stop_nrf_queue = .)

.nrf_balloc     0x0002dc0c       0x14
                [!provide]                PROVIDE (__start_nrf_balloc = .)
 *(.nrf_balloc)
 .nrf_balloc    0x0002dc0c       0x14 _build/nrf52840_xxaa/nrf_log_frontend.c.o
                0x0002dc0c                log_mempool
                [!provide]                PROVIDE (__stop_nrf_balloc = .)

.cli_command    0x0002dc20        0x0
                [!provide]                PROVIDE (__start_cli_command = .)
 *(.cli_command)
                [!provide]                PROVIDE (__stop_cli_command = .)

.crypto_data    0x0002dc20        0x0
                [!provide]                PROVIDE (__start_crypto_data = .)
 *(SORT_BY_NAME(.crypto_data*))
                [!provide]                PROVIDE (__stop_crypto_data = .)

.log_const_data
                0x0002dc20       0x78
                0x0002dc20                PROVIDE (__start_log_const_data = .)
 *(SORT_BY_NAME(.log_const_data*))
 .log_const_data_CLOCK
                0x0002dc20        0x8 _build/nrf52840_xxaa/nrfx_clock.c.o
                0x0002dc20                m_nrf_log_CLOCK_logs_data_const
 .log_const_data_GPIOTE
                0x0002dc28        0x8 _build/nrf52840_xxaa/nrfx_gpiote.c.o
                0x0002dc28                m_nrf_log_GPIOTE_logs_data_const
 .log_const_data_PRS
                0x0002dc30        0x8 _build/nrf52840_xxaa/nrfx_prs.c.o
                0x0002dc30                m_nrf_log_PRS_logs_data_const
 .log_const_data_UART
                0x0002dc38        0x8 _build/nrf52840_xxaa/nrfx_uart.c.o
                0x0002dc38                m_nrf_log_UART_logs_data_const
 .log_const_data_UARTE
                0x0002dc40        0x8 _build/nrf52840_xxaa/nrfx_uarte.c.o
                0x0002dc40                m_nrf_log_UARTE_logs_data_const
 .log_const_data_app
                0x0002dc48        0x8 _build/nrf52840_xxaa/nrf_log_frontend.c.o
                0x0002dc48                m_nrf_log_app_logs_data_const
 .log_const_data_app_button
                0x0002dc50        0x8 _build/nrf52840_xxaa/app_button.c.o
                0x0002dc50                m_nrf_log_app_button_logs_data_const
 .log_const_data_app_timer
                0x0002dc58        0x8 _build/nrf52840_xxaa/app_timer2.c.o
                0x0002dc58                m_nrf_log_app_timer_logs_data_const
 .log_const_data_clock
                0x0002dc60        0x8 _build/nrf52840_xxaa/nrf_drv_clock.c.o
                0x0002dc60                m_nrf_log_clock_logs_data_const
 .log_const_data_nrf_ble_gatt
                0x0002dc68        0x8 _build/nrf52840_xxaa/nrf_ble_gatt.c.o
                0x0002dc68                m_nrf_log_nrf_ble_gatt_logs_data_const
 .log_const_data_nrf_sdh
                0x0002dc70        0x8 _build/nrf52840_xxaa/nrf_sdh.c.o
                0x0002dc70                m_nrf_log_nrf_sdh_logs_data_const
 .log_const_data_nrf_sdh_ble
                0x0002dc78        0x8 _build/nrf52840_xxaa/nrf_sdh_ble.c.o
                0x0002dc78                m_nrf_log_nrf_sdh_ble_logs_data_const
 .log_const_data_nrf_sdh_soc
                0x0002dc80        0x8 _build/nrf52840_xxaa/nrf_sdh_soc.c.o
                0x0002dc80                m_nrf_log_nrf_sdh_soc_logs_data_const
 .log_const_data_pwr_mgmt
                0x0002dc88        0x8 _build/nrf52840_xxaa/nrf_pwr_mgmt.c.o
                0x0002dc88                m_nrf_log_pwr_mgmt_logs_data_const
 .log_const_data_sortlist
                0x0002dc90        0x8 _build/nrf52840_xxaa/nrf_sortlist.c.o
                0x0002dc90                m_nrf_log_sortlist_logs_data_const
                0x0002dc98                PROVIDE (__stop_log_const_data = .)

.log_backends   0x0002dc98       0x10
                [!provide]                PROVIDE (__start_log_backends = .)
 *(SORT_BY_NAME(.log_backends*))
 .log_backends  0x0002dc98       0x10 _build/nrf52840_xxaa/nrf_log_default_backends.c.o
                [!provide]                PROVIDE (__stop_log_backends = .)

.ARM.extab
 *(.ARM.extab* .gnu.linkonce.armextab.*)
                0x0002dca8                __exidx_start = .

.ARM.exidx      0x0002dca8        0x8
 *(.ARM.exidx* .gnu.linkonce.armexidx.*)
 .ARM.exidx     0x0002dca8        0x8 c:/program files (x86)/gnu tools arm embedded/7 2018-q2-update/bin/../lib/gcc/arm-none-eabi/7.3.1/../../../../arm-none-eabi/lib/thumb/v7e-m/fpv4-sp/hard/crt0.o
                0x0002dcb0                __exidx_end = .
                0x0002dcb0                __etext = .

.rel.dyn        0x0002dcb0        0x0
 .rel.iplt      0x0002dcb0        0x0 c:/program files (x86)/gnu tools arm embedded/7 2018-q2-update/bin/../lib/gcc/arm-none-eabi/7.3.1/thumb/v7e-m/fpv4-sp/hard/crtbegin.o

.data           0x20002300      0x21c load address 0x0002dcb0
                0x20002300                __data_start__ = .
 *(vtable)
 *(.data*)
 .data.m_uart   0x20002300       0x14 _build/nrf52840_xxaa/nrf_log_backend_uart.c.o
                0x20002300                m_uart
 .data.log_backend_cb_uart_log_backend
                0x20002314        0x8 _build/nrf52840_xxaa/nrf_log_default_backends.c.o
 .data.m_rtc_inst
                0x2000231c        0x8 _build/nrf52840_xxaa/app_timer2.c.o
 .data.SystemCoreClock
                0x20002324        0x4 _build/nrf52840_xxaa/system_nrf52840.c.o
                0x20002324                SystemCoreClock
 .data.buttons.11627
                0x20002328        0x8 _build/nrf52840_xxaa/main.c.o
 .data.m_adv_data
                0x20002330       0x10 _build/nrf52840_xxaa/main.c.o
 .data.m_adv_handle
                0x20002340        0x1 _build/nrf52840_xxaa/main.c.o
 *fill*         0x20002341        0x1 
 .data.m_conn_handle
                0x20002342        0x2 _build/nrf52840_xxaa/main.c.o
 .data._impure_ptr
                0x20002344        0x4 c:/program files (x86)/gnu tools arm embedded/7 2018-q2-update/bin/../lib/gcc/arm-none-eabi/7.3.1/../../../../arm-none-eabi/lib/thumb/v7e-m/fpv4-sp/hard\libc_nano.a(lib_a-impure.o)
                0x20002344                _impure_ptr
 .data.impure_data
                0x20002348       0x60 c:/program files (x86)/gnu tools arm embedded/7 2018-q2-update/bin/../lib/gcc/arm-none-eabi/7.3.1/../../../../arm-none-eabi/lib/thumb/v7e-m/fpv4-sp/hard\libc_nano.a(lib_a-impure.o)
 .data.__global_locale
                0x200023a8      0x16c c:/program files (x86)/gnu tools arm embedded/7 2018-q2-update/bin/../lib/gcc/arm-none-eabi/7.3.1/../../../../arm-none-eabi/lib/thumb/v7e-m/fpv4-sp/hard\libc_nano.a(lib_a-locale.o)
                0x200023a8                __global_locale
                0x20002514                . = ALIGN (0x4)
                0x20002514                PROVIDE (__preinit_array_start = .)
 *(.preinit_array)
                0x20002514                PROVIDE (__preinit_array_end = .)
                0x20002514                . = ALIGN (0x4)
                0x20002514                PROVIDE (__init_array_start = .)
 *(SORT_BY_NAME(.init_array.*))
 *(.init_array)
 .init_array    0x20002514        0x4 c:/program files (x86)/gnu tools arm embedded/7 2018-q2-update/bin/../lib/gcc/arm-none-eabi/7.3.1/thumb/v7e-m/fpv4-sp/hard/crtbegin.o
                0x20002518                PROVIDE (__init_array_end = .)
                0x20002518                . = ALIGN (0x4)
                [!provide]                PROVIDE (__fini_array_start = .)
 *(SORT_BY_NAME(.fini_array.*))
 *(.fini_array)
 .fini_array    0x20002518        0x4 c:/program files (x86)/gnu tools arm embedded/7 2018-q2-update/bin/../lib/gcc/arm-none-eabi/7.3.1/thumb/v7e-m/fpv4-sp/hard/crtbegin.o
                [!provide]                PROVIDE (__fini_array_end = .)
 *(.jcr*)
                0x2000251c                . = ALIGN (0x4)
                0x2000251c                __data_end__ = .
LOAD c:/program files (x86)/gnu tools arm embedded/7 2018-q2-update/bin/../lib/gcc/arm-none-eabi/7.3.1/thumb/v7e-m/fpv4-sp/hard/crti.o
LOAD c:/program files (x86)/gnu tools arm embedded/7 2018-q2-update/bin/../lib/gcc/arm-none-eabi/7.3.1/thumb/v7e-m/fpv4-sp/hard/crtbegin.o
LOAD c:/program files (x86)/gnu tools arm embedded/7 2018-q2-update/bin/../lib/gcc/arm-none-eabi/7.3.1/../../../../arm-none-eabi/lib/thumb/v7e-m/fpv4-sp/hard/crt0.o
LOAD _build/nrf52840_xxaa/gcc_startup_nrf52840.S.o
LOAD _build/nrf52840_xxaa/nrf_log_backend_rtt.c.o
LOAD _build/nrf52840_xxaa/nrf_log_backend_serial.c.o
LOAD _build/nrf52840_xxaa/nrf_log_backend_uart.c.o
LOAD _build/nrf52840_xxaa/nrf_log_default_backends.c.o
LOAD _build/nrf52840_xxaa/nrf_log_frontend.c.o
LOAD _build/nrf52840_xxaa/nrf_log_str_formatter.c.o
LOAD _build/nrf52840_xxaa/app_button.c.o
LOAD _build/nrf52840_xxaa/app_error.c.o
LOAD _build/nrf52840_xxaa/app_error_handler_gcc.c.o
LOAD _build/nrf52840_xxaa/app_error_weak.c.o
LOAD _build/nrf52840_xxaa/app_scheduler.c.o
LOAD _build/nrf52840_xxaa/app_timer2.c.o
LOAD _build/nrf52840_xxaa/app_util_platform.c.o
LOAD _build/nrf52840_xxaa/drv_rtc.c.o
LOAD _build/nrf52840_xxaa/hardfault_implementation.c.o
LOAD _build/nrf52840_xxaa/nrf_assert.c.o
LOAD _build/nrf52840_xxaa/nrf_atfifo.c.o
LOAD _build/nrf52840_xxaa/nrf_atflags.c.o
LOAD _build/nrf52840_xxaa/nrf_atomic.c.o
LOAD _build/nrf52840_xxaa/nrf_balloc.c.o
LOAD _build/nrf52840_xxaa/nrf_fprintf.c.o
LOAD _build/nrf52840_xxaa/nrf_fprintf_format.c.o
LOAD _build/nrf52840_xxaa/nrf_memobj.c.o
LOAD _build/nrf52840_xxaa/nrf_pwr_mgmt.c.o
LOAD _build/nrf52840_xxaa/nrf_ringbuf.c.o
LOAD _build/nrf52840_xxaa/nrf_section_iter.c.o
LOAD _build/nrf52840_xxaa/nrf_sortlist.c.o
LOAD _build/nrf52840_xxaa/nrf_strerror.c.o
LOAD _build/nrf52840_xxaa/system_nrf52840.c.o
LOAD _build/nrf52840_xxaa/boards.c.o
LOAD _build/nrf52840_xxaa/nrf_drv_clock.c.o
LOAD _build/nrf52840_xxaa/nrf_drv_uart.c.o
LOAD _build/nrf52840_xxaa/nrfx_atomic.c.o
LOAD _build/nrf52840_xxaa/nrfx_clock.c.o
LOAD _build/nrf52840_xxaa/nrfx_gpiote.c.o
LOAD _build/nrf52840_xxaa/nrfx_prs.c.o
LOAD _build/nrf52840_xxaa/nrfx_uart.c.o
LOAD _build/nrf52840_xxaa/nrfx_uarte.c.o
LOAD _build/nrf52840_xxaa/main.c.o
LOAD _build/nrf52840_xxaa/SEGGER_RTT.c.o
LOAD _build/nrf52840_xxaa/SEGGER_RTT_Syscalls_GCC.c.o
LOAD _build/nrf52840_xxaa/SEGGER_RTT_printf.c.o
LOAD _build/nrf52840_xxaa/ble_advdata.c.o
LOAD _build/nrf52840_xxaa/ble_conn_params.c.o
LOAD _build/nrf52840_xxaa/ble_conn_state.c.o
LOAD _build/nrf52840_xxaa/ble_srv_common.c.o
LOAD _build/nrf52840_xxaa/nrf_ble_gatt.c.o
LOAD _build/nrf52840_xxaa/nrf_ble_qwr.c.o
LOAD _build/nrf52840_xxaa/utf.c.o
LOAD _build/nrf52840_xxaa/ble_lbs.c.o
LOAD _build/nrf52840_xxaa/nrf_sdh.c.o
LOAD _build/nrf52840_xxaa/nrf_sdh_ble.c.o
LOAD _build/nrf52840_xxaa/nrf_sdh_soc.c.o
LOAD c:/program files (x86)/gnu tools arm embedded/7 2018-q2-update/bin/../lib/gcc/arm-none-eabi/7.3.1/../../../../arm-none-eabi/lib/thumb/v7e-m/fpv4-sp/hard\libc_nano.a
LOAD c:/program files (x86)/gnu tools arm embedded/7 2018-q2-update/bin/../lib/gcc/arm-none-eabi/7.3.1/../../../../arm-none-eabi/lib/thumb/v7e-m/fpv4-sp/hard\libnosys.a
LOAD c:/program files (x86)/gnu tools arm embedded/7 2018-q2-update/bin/../lib/gcc/arm-none-eabi/7.3.1/../../../../arm-none-eabi/lib/thumb/v7e-m/fpv4-sp/hard\libm.a
START GROUP
LOAD c:/program files (x86)/gnu tools arm embedded/7 2018-q2-update/bin/../lib/gcc/arm-none-eabi/7.3.1/thumb/v7e-m/fpv4-sp/hard\libgcc.a
LOAD c:/program files (x86)/gnu tools arm embedded/7 2018-q2-update/bin/../lib/gcc/arm-none-eabi/7.3.1/../../../../arm-none-eabi/lib/thumb/v7e-m/fpv4-sp/hard\libg_nano.a
LOAD c:/program files (x86)/gnu tools arm embedded/7 2018-q2-update/bin/../lib/gcc/arm-none-eabi/7.3.1/../../../../arm-none-eabi/lib/thumb/v7e-m/fpv4-sp/hard\libc_nano.a
END GROUP
START GROUP
LOAD c:/program files (x86)/gnu tools arm embedded/7 2018-q2-update/bin/../lib/gcc/arm-none-eabi/7.3.1/thumb/v7e-m/fpv4-sp/hard\libgcc.a
LOAD c:/program files (x86)/gnu tools arm embedded/7 2018-q2-update/bin/../lib/gcc/arm-none-eabi/7.3.1/../../../../arm-none-eabi/lib/thumb/v7e-m/fpv4-sp/hard\libc_nano.a
END GROUP
LOAD c:/program files (x86)/gnu tools arm embedded/7 2018-q2-update/bin/../lib/gcc/arm-none-eabi/7.3.1/thumb/v7e-m/fpv4-sp/hard/crtend.o
LOAD c:/program files (x86)/gnu tools arm embedded/7 2018-q2-update/bin/../lib/gcc/arm-none-eabi/7.3.1/thumb/v7e-m/fpv4-sp/hard/crtn.o
START GROUP
LOAD c:/program files (x86)/gnu tools arm embedded/7 2018-q2-update/bin/../lib/gcc/arm-none-eabi/7.3.1/thumb/v7e-m/fpv4-sp/hard\libgcc.a
LOAD c:/program files (x86)/gnu tools arm embedded/7 2018-q2-update/bin/../lib/gcc/arm-none-eabi/7.3.1/../../../../arm-none-eabi/lib/thumb/v7e-m/fpv4-sp/hard\libc.a
LOAD c:/program files (x86)/gnu tools arm embedded/7 2018-q2-update/bin/../lib/gcc/arm-none-eabi/7.3.1/../../../../arm-none-eabi/lib/thumb/v7e-m/fpv4-sp/hard\libnosys.a
END GROUP

.igot.plt       0x2000251c        0x0 load address 0x0002decc
 .igot.plt      0x2000251c        0x0 c:/program files (x86)/gnu tools arm embedded/7 2018-q2-update/bin/../lib/gcc/arm-none-eabi/7.3.1/thumb/v7e-m/fpv4-sp/hard/crtbegin.o
                0x2000251c                . = ALIGN (0x4)

.mem_section_dummy_ram

.cli_sorted_cmd_ptrs
                0x2000251c        0x0
                [!provide]                PROVIDE (__start_cli_sorted_cmd_ptrs = .)
 *(.cli_sorted_cmd_ptrs)
                [!provide]                PROVIDE (__stop_cli_sorted_cmd_ptrs = .)

.fs_data        0x2000251c        0x0
                [!provide]                PROVIDE (__start_fs_data = .)
 *(.fs_data)
                [!provide]                PROVIDE (__stop_fs_data = .)

.log_dynamic_data
                0x2000251c        0x0
                0x2000251c                PROVIDE (__start_log_dynamic_data = .)
 *(SORT_BY_NAME(.log_dynamic_data*))
                [!provide]                PROVIDE (__stop_log_dynamic_data = .)

.log_filter_data
                0x2000251c        0x0
                [!provide]                PROVIDE (__start_log_filter_data = .)
 *(SORT_BY_NAME(.log_filter_data*))
                [!provide]                PROVIDE (__stop_log_filter_data = .)

.bss            0x20002520      0x938 load address 0x0002ded0
                0x20002520                . = ALIGN (0x4)
                0x20002520                __bss_start__ = .
 *(.bss*)
 .bss           0x20002520       0x1c c:/program files (x86)/gnu tools arm embedded/7 2018-q2-update/bin/../lib/gcc/arm-none-eabi/7.3.1/thumb/v7e-m/fpv4-sp/hard/crtbegin.o
 .bss.m_async_mode
                0x2000253c        0x1 _build/nrf52840_xxaa/nrf_log_backend_uart.c.o
 *fill*         0x2000253d        0x3 
 .bss.m_string_buff
                0x20002540       0x40 _build/nrf52840_xxaa/nrf_log_backend_uart.c.o
 .bss.m_xfer_done
                0x20002580        0x1 _build/nrf52840_xxaa/nrf_log_backend_uart.c.o
 *fill*         0x20002581        0x3 
 .bss.log_mempool_nrf_balloc_cb
                0x20002584        0x8 _build/nrf52840_xxaa/nrf_log_frontend.c.o
 .bss.log_mempool_nrf_balloc_pool_mem
                0x2000258c       0xc0 _build/nrf52840_xxaa/nrf_log_frontend.c.o
 .bss.log_mempool_nrf_balloc_pool_stack
                0x2000264c        0x8 _build/nrf52840_xxaa/nrf_log_frontend.c.o
 .bss.m_log_data
                0x20002654      0x424 _build/nrf52840_xxaa/nrf_log_frontend.c.o
 .bss.m_log_push_ringbuf_buf
                0x20002a78       0x80 _build/nrf52840_xxaa/nrf_log_frontend.c.o
 .bss.m_log_push_ringbuf_cb
                0x20002af8       0x18 _build/nrf52840_xxaa/nrf_log_frontend.c.o
 .bss.m_button_count
                0x20002b10        0x1 _build/nrf52840_xxaa/app_button.c.o
 *fill*         0x20002b11        0x3 
 .bss.m_detection_delay
                0x20002b14        0x4 _build/nrf52840_xxaa/app_button.c.o
 .bss.m_detection_delay_timer_id_data
                0x20002b18       0x20 _build/nrf52840_xxaa/app_button.c.o
 .bss.m_pin_active
                0x20002b38        0x8 _build/nrf52840_xxaa/app_button.c.o
 .bss.m_pin_states
                0x20002b40       0x20 _build/nrf52840_xxaa/app_button.c.o
 .bss.mp_buttons
                0x20002b60        0x4 _build/nrf52840_xxaa/app_button.c.o
 .bss.m_app_timer_sortlist_sortlist_cb
                0x20002b64        0x4 _build/nrf52840_xxaa/app_timer2.c.o
 .bss.m_base_counter
                0x20002b68        0x8 _build/nrf52840_xxaa/app_timer2.c.o
 .bss.m_global_active
                0x20002b70        0x1 _build/nrf52840_xxaa/app_timer2.c.o
 *fill*         0x20002b71        0x3 
 .bss.m_req_fifo_data
                0x20002b74       0x58 _build/nrf52840_xxaa/app_timer2.c.o
 .bss.m_req_fifo_inst
                0x20002bcc       0x10 _build/nrf52840_xxaa/app_timer2.c.o
 *fill*         0x20002bdc        0x4 
 .bss.m_stamp64
                0x20002be0        0x8 _build/nrf52840_xxaa/app_timer2.c.o
 .bss.mp_active_timer
                0x20002be8        0x4 _build/nrf52840_xxaa/app_timer2.c.o
 .bss.m_cb      0x20002bec        0x8 _build/nrf52840_xxaa/drv_rtc.c.o
 .bss.m_handlers
                0x20002bf4        0x4 _build/nrf52840_xxaa/drv_rtc.c.o
 .bss.m_handlers_iter
                0x20002bf8        0x8 _build/nrf52840_xxaa/nrf_pwr_mgmt.c.o
 .bss.m_shutdown_started
                0x20002c00        0x1 _build/nrf52840_xxaa/nrf_pwr_mgmt.c.o
 *fill*         0x20002c01        0x3 
 .bss.m_sysoff_mtx
                0x20002c04        0x4 _build/nrf52840_xxaa/nrf_pwr_mgmt.c.o
 .bss.m_clock_cb
                0x20002c08       0x14 _build/nrf52840_xxaa/nrf_drv_clock.c.o
 .bss.m_contexts
                0x20002c1c        0x8 _build/nrf52840_xxaa/nrf_drv_uart.c.o
 .bss.m_handlers
                0x20002c24        0x8 _build/nrf52840_xxaa/nrf_drv_uart.c.o
 .bss.m_clock_cb
                0x20002c2c        0x8 _build/nrf52840_xxaa/nrfx_clock.c.o
 .bss.m_cb      0x20002c34       0x6c _build/nrf52840_xxaa/nrfx_gpiote.c.o
 .bss.m_prs_box_4
                0x20002ca0        0x8 _build/nrf52840_xxaa/nrfx_prs.c.o
 .bss.m_cb      0x20002ca8       0x2c _build/nrf52840_xxaa/nrfx_uart.c.o
 .bss.m_cb      0x20002cd4       0x24 _build/nrf52840_xxaa/nrfx_uarte.c.o
 .bss.m_enc_advdata
                0x20002cf8       0x1f _build/nrf52840_xxaa/main.c.o
 *fill*         0x20002d17        0x1 
 .bss.m_enc_scan_response_data
                0x20002d18       0x1f _build/nrf52840_xxaa/main.c.o
 *fill*         0x20002d37        0x1 
 .bss.m_gatt    0x20002d38       0x14 _build/nrf52840_xxaa/main.c.o
 .bss.m_lbs     0x20002d4c       0x18 _build/nrf52840_xxaa/main.c.o
 .bss.m_qwr     0x20002d64        0xc _build/nrf52840_xxaa/main.c.o
 .bss.m_conn_params_config
                0x20002d70       0x1c _build/nrf52840_xxaa/ble_conn_params.c.o
 .bss.m_conn_params_instances
                0x20002d8c       0x14 _build/nrf52840_xxaa/ble_conn_params.c.o
 .bss.m_preferred_conn_params
                0x20002da0        0x8 _build/nrf52840_xxaa/ble_conn_params.c.o
 .bss.m_timer_data
                0x20002da8       0x20 _build/nrf52840_xxaa/ble_conn_params.c.o
 .bss.m_bcs     0x20002dc8       0x7c _build/nrf52840_xxaa/ble_conn_state.c.o
 .bss.m_nrf_sdh_continue
                0x20002e44        0x1 _build/nrf52840_xxaa/nrf_sdh.c.o
 .bss.m_nrf_sdh_enabled
                0x20002e45        0x1 _build/nrf52840_xxaa/nrf_sdh.c.o
 .bss.m_nrf_sdh_suspended
                0x20002e46        0x1 _build/nrf52840_xxaa/nrf_sdh.c.o
 .bss.m_stack_is_enabled
                0x20002e47        0x1 _build/nrf52840_xxaa/nrf_sdh_ble.c.o
 *(COMMON)
 COMMON         0x20002e48        0xc _build/nrf52840_xxaa/app_util_platform.c.o
                0x20002e48                nrf_nvic_state
 COMMON         0x20002e54        0x2 _build/nrf52840_xxaa/nrf_drv_uart.c.o
                0x20002e54                nrf_drv_uart_use_easy_dma
                0x20002e58                . = ALIGN (0x4)
 *fill*         0x20002e56        0x2 
                0x20002e58                __bss_end__ = .

.heap           0x20002e58     0x2000
                0x20002e58                __HeapBase = .
                0x20002e58                __end__ = .
                [!provide]                PROVIDE (end = .)
 *(.heap*)
 .heap          0x20002e58     0x2000 _build/nrf52840_xxaa/gcc_startup_nrf52840.S.o
                0x20004e58                __HeapLimit = .

.stack_dummy    0x20002e58     0x2000
 *(.stack*)
 .stack         0x20002e58     0x2000 _build/nrf52840_xxaa/gcc_startup_nrf52840.S.o
                0x20040000                __StackTop = (ORIGIN (RAM) + LENGTH (RAM))
                0x2003e000                __StackLimit = (__StackTop - SIZEOF (.stack_dummy))
                0x20040000                PROVIDE (__stack = __StackTop)
                0x00000001                ASSERT ((__StackLimit >= __HeapLimit), region RAM overflowed with stack)
                0x00000220                DataInitFlashUsed = (__bss_start__ - __data_start__)
                0x00006cb0                CodeFlashUsed = (__etext - ORIGIN (FLASH))
                0x00006ed0                TotalFlashUsed = (CodeFlashUsed + DataInitFlashUsed)
                0x00000001                ASSERT ((TotalFlashUsed <= LENGTH (FLASH)), region FLASH overflowed with .data and user data)
OUTPUT(_build/nrf52840_xxaa.out elf32-littlearm)

.ARM.attributes
                0x00000000       0x30
 .ARM.attributes
                0x00000000       0x22 c:/program files (x86)/gnu tools arm embedded/7 2018-q2-update/bin/../lib/gcc/arm-none-eabi/7.3.1/thumb/v7e-m/fpv4-sp/hard/crti.o
 .ARM.attributes
                0x00000022       0x34 c:/program files (x86)/gnu tools arm embedded/7 2018-q2-update/bin/../lib/gcc/arm-none-eabi/7.3.1/thumb/v7e-m/fpv4-sp/hard/crtbegin.o
 .ARM.attributes
                0x00000056       0x20 c:/program files (x86)/gnu tools arm embedded/7 2018-q2-update/bin/../lib/gcc/arm-none-eabi/7.3.1/../../../../arm-none-eabi/lib/thumb/v7e-m/fpv4-sp/hard/crt0.o
 .ARM.attributes
                0x00000076       0x20 _build/nrf52840_xxaa/gcc_startup_nrf52840.S.o
 .ARM.attributes
                0x00000096       0x39 _build/nrf52840_xxaa/nrf_log_backend_serial.c.o
 .ARM.attributes
                0x000000cf       0x39 _build/nrf52840_xxaa/nrf_log_backend_uart.c.o
 .ARM.attributes
                0x00000108       0x39 _build/nrf52840_xxaa/nrf_log_default_backends.c.o
 .ARM.attributes
                0x00000141       0x39 _build/nrf52840_xxaa/nrf_log_frontend.c.o
 .ARM.attributes
                0x0000017a       0x39 _build/nrf52840_xxaa/nrf_log_str_formatter.c.o
 .ARM.attributes
                0x000001b3       0x39 _build/nrf52840_xxaa/app_button.c.o
 .ARM.attributes
                0x000001ec       0x39 _build/nrf52840_xxaa/app_error.c.o
 .ARM.attributes
                0x00000225       0x39 _build/nrf52840_xxaa/app_error_weak.c.o
 .ARM.attributes
                0x0000025e       0x39 _build/nrf52840_xxaa/app_timer2.c.o
 .ARM.attributes
                0x00000297       0x39 _build/nrf52840_xxaa/app_util_platform.c.o
 .ARM.attributes
                0x000002d0       0x39 _build/nrf52840_xxaa/drv_rtc.c.o
 .ARM.attributes
                0x00000309       0x39 _build/nrf52840_xxaa/nrf_atfifo.c.o
 .ARM.attributes
                0x00000342       0x39 _build/nrf52840_xxaa/nrf_atflags.c.o
 .ARM.attributes
                0x0000037b       0x39 _build/nrf52840_xxaa/nrf_atomic.c.o
 .ARM.attributes
                0x000003b4       0x39 _build/nrf52840_xxaa/nrf_balloc.c.o
 .ARM.attributes
                0x000003ed       0x39 _build/nrf52840_xxaa/nrf_fprintf.c.o
 .ARM.attributes
                0x00000426       0x39 _build/nrf52840_xxaa/nrf_fprintf_format.c.o
 .ARM.attributes
                0x0000045f       0x39 _build/nrf52840_xxaa/nrf_memobj.c.o
 .ARM.attributes
                0x00000498       0x39 _build/nrf52840_xxaa/nrf_pwr_mgmt.c.o
 .ARM.attributes
                0x000004d1       0x39 _build/nrf52840_xxaa/nrf_ringbuf.c.o
 .ARM.attributes
                0x0000050a       0x39 _build/nrf52840_xxaa/nrf_section_iter.c.o
 .ARM.attributes
                0x00000543       0x39 _build/nrf52840_xxaa/nrf_sortlist.c.o
 .ARM.attributes
                0x0000057c       0x39 _build/nrf52840_xxaa/nrf_strerror.c.o
 .ARM.attributes
                0x000005b5       0x39 _build/nrf52840_xxaa/system_nrf52840.c.o
 .ARM.attributes
                0x000005ee       0x39 _build/nrf52840_xxaa/boards.c.o
 .ARM.attributes
                0x00000627       0x39 _build/nrf52840_xxaa/nrf_drv_clock.c.o
 .ARM.attributes
                0x00000660       0x39 _build/nrf52840_xxaa/nrf_drv_uart.c.o
 .ARM.attributes
                0x00000699       0x39 _build/nrf52840_xxaa/nrfx_clock.c.o
 .ARM.attributes
                0x000006d2       0x39 _build/nrf52840_xxaa/nrfx_gpiote.c.o
 .ARM.attributes
                0x0000070b       0x39 _build/nrf52840_xxaa/nrfx_prs.c.o
 .ARM.attributes
                0x00000744       0x39 _build/nrf52840_xxaa/nrfx_uart.c.o
 .ARM.attributes
                0x0000077d       0x39 _build/nrf52840_xxaa/nrfx_uarte.c.o
 .ARM.attributes
                0x000007b6       0x39 _build/nrf52840_xxaa/main.c.o
 .ARM.attributes
                0x000007ef       0x39 _build/nrf52840_xxaa/ble_advdata.c.o
 .ARM.attributes
                0x00000828       0x39 _build/nrf52840_xxaa/ble_conn_params.c.o
 .ARM.attributes
                0x00000861       0x39 _build/nrf52840_xxaa/ble_conn_state.c.o
 .ARM.attributes
                0x0000089a       0x39 _build/nrf52840_xxaa/ble_srv_common.c.o
 .ARM.attributes
                0x000008d3       0x39 _build/nrf52840_xxaa/nrf_ble_gatt.c.o
 .ARM.attributes
                0x0000090c       0x39 _build/nrf52840_xxaa/nrf_ble_qwr.c.o
 .ARM.attributes
                0x00000945       0x39 _build/nrf52840_xxaa/ble_lbs.c.o
 .ARM.attributes
                0x0000097e       0x39 _build/nrf52840_xxaa/nrf_sdh.c.o
 .ARM.attributes
                0x000009b7       0x39 _build/nrf52840_xxaa/nrf_sdh_ble.c.o
 .ARM.attributes
                0x000009f0       0x39 _build/nrf52840_xxaa/nrf_sdh_soc.c.o
 .ARM.attributes
                0x00000a29       0x34 c:/program files (x86)/gnu tools arm embedded/7 2018-q2-update/bin/../lib/gcc/arm-none-eabi/7.3.1/../../../../arm-none-eabi/lib/thumb/v7e-m/fpv4-sp/hard\libc_nano.a(lib_a-exit.o)
 .ARM.attributes
                0x00000a5d       0x34 c:/program files (x86)/gnu tools arm embedded/7 2018-q2-update/bin/../lib/gcc/arm-none-eabi/7.3.1/../../../../arm-none-eabi/lib/thumb/v7e-m/fpv4-sp/hard\libc_nano.a(lib_a-impure.o)
 .ARM.attributes
                0x00000a91       0x34 c:/program files (x86)/gnu tools arm embedded/7 2018-q2-update/bin/../lib/gcc/arm-none-eabi/7.3.1/../../../../arm-none-eabi/lib/thumb/v7e-m/fpv4-sp/hard\libc_nano.a(lib_a-init.o)
 .ARM.attributes
                0x00000ac5       0x34 c:/program files (x86)/gnu tools arm embedded/7 2018-q2-update/bin/../lib/gcc/arm-none-eabi/7.3.1/../../../../arm-none-eabi/lib/thumb/v7e-m/fpv4-sp/hard\libc_nano.a(lib_a-locale.o)
 .ARM.attributes
                0x00000af9       0x34 c:/program files (x86)/gnu tools arm embedded/7 2018-q2-update/bin/../lib/gcc/arm-none-eabi/7.3.1/../../../../arm-none-eabi/lib/thumb/v7e-m/fpv4-sp/hard\libc_nano.a(lib_a-mbtowc_r.o)
 .ARM.attributes
                0x00000b2d       0x34 c:/program files (x86)/gnu tools arm embedded/7 2018-q2-update/bin/../lib/gcc/arm-none-eabi/7.3.1/../../../../arm-none-eabi/lib/thumb/v7e-m/fpv4-sp/hard\libc_nano.a(lib_a-memcpy-stub.o)
 .ARM.attributes
                0x00000b61       0x34 c:/program files (x86)/gnu tools arm embedded/7 2018-q2-update/bin/../lib/gcc/arm-none-eabi/7.3.1/../../../../arm-none-eabi/lib/thumb/v7e-m/fpv4-sp/hard\libc_nano.a(lib_a-memset.o)
 .ARM.attributes
                0x00000b95       0x1b c:/program files (x86)/gnu tools arm embedded/7 2018-q2-update/bin/../lib/gcc/arm-none-eabi/7.3.1/../../../../arm-none-eabi/lib/thumb/v7e-m/fpv4-sp/hard\libc_nano.a(lib_a-strlen.o)
 .ARM.attributes
                0x00000bb0       0x34 c:/program files (x86)/gnu tools arm embedded/7 2018-q2-update/bin/../lib/gcc/arm-none-eabi/7.3.1/../../../../arm-none-eabi/lib/thumb/v7e-m/fpv4-sp/hard\libc_nano.a(lib_a-wctomb_r.o)
 .ARM.attributes
                0x00000be4       0x34 c:/program files (x86)/gnu tools arm embedded/7 2018-q2-update/bin/../lib/gcc/arm-none-eabi/7.3.1/../../../../arm-none-eabi/lib/thumb/v7e-m/fpv4-sp/hard\libc_nano.a(lib_a-ctype_.o)
 .ARM.attributes
                0x00000c18       0x34 c:/program files (x86)/gnu tools arm embedded/7 2018-q2-update/bin/../lib/gcc/arm-none-eabi/7.3.1/../../../../arm-none-eabi/lib/thumb/v7e-m/fpv4-sp/hard\libnosys.a(_exit.o)
 .ARM.attributes
                0x00000c4c       0x34 c:/program files (x86)/gnu tools arm embedded/7 2018-q2-update/bin/../lib/gcc/arm-none-eabi/7.3.1/thumb/v7e-m/fpv4-sp/hard/crtend.o
 .ARM.attributes
                0x00000c80       0x22 c:/program files (x86)/gnu tools arm embedded/7 2018-q2-update/bin/../lib/gcc/arm-none-eabi/7.3.1/thumb/v7e-m/fpv4-sp/hard/crtn.o

.comment        0x00000000       0x7f
 .comment       0x00000000       0x7f _build/nrf52840_xxaa/nrf_log_backend_serial.c.o
                                 0x80 (size before relaxing)
 .comment       0x0000007f       0x80 _build/nrf52840_xxaa/nrf_log_backend_uart.c.o
 .comment       0x0000007f       0x80 _build/nrf52840_xxaa/nrf_log_default_backends.c.o
 .comment       0x0000007f       0x80 _build/nrf52840_xxaa/nrf_log_frontend.c.o
 .comment       0x0000007f       0x80 _build/nrf52840_xxaa/nrf_log_str_formatter.c.o
 .comment       0x0000007f       0x80 _build/nrf52840_xxaa/app_button.c.o
 .comment       0x0000007f       0x80 _build/nrf52840_xxaa/app_error.c.o
 .comment       0x0000007f       0x80 _build/nrf52840_xxaa/app_error_weak.c.o
 .comment       0x0000007f       0x80 _build/nrf52840_xxaa/app_timer2.c.o
 .comment       0x0000007f       0x80 _build/nrf52840_xxaa/app_util_platform.c.o
 .comment       0x0000007f       0x80 _build/nrf52840_xxaa/drv_rtc.c.o
 .comment       0x0000007f       0x80 _build/nrf52840_xxaa/nrf_atfifo.c.o
 .comment       0x0000007f       0x80 _build/nrf52840_xxaa/nrf_atflags.c.o
 .comment       0x0000007f       0x80 _build/nrf52840_xxaa/nrf_atomic.c.o
 .comment       0x0000007f       0x80 _build/nrf52840_xxaa/nrf_balloc.c.o
 .comment       0x0000007f       0x80 _build/nrf52840_xxaa/nrf_fprintf.c.o
 .comment       0x0000007f       0x80 _build/nrf52840_xxaa/nrf_fprintf_format.c.o
 .comment       0x0000007f       0x80 _build/nrf52840_xxaa/nrf_memobj.c.o
 .comment       0x0000007f       0x80 _build/nrf52840_xxaa/nrf_pwr_mgmt.c.o
 .comment       0x0000007f       0x80 _build/nrf52840_xxaa/nrf_ringbuf.c.o
 .comment       0x0000007f       0x80 _build/nrf52840_xxaa/nrf_section_iter.c.o
 .comment       0x0000007f       0x80 _build/nrf52840_xxaa/nrf_sortlist.c.o
 .comment       0x0000007f       0x80 _build/nrf52840_xxaa/nrf_strerror.c.o
 .comment       0x0000007f       0x80 _build/nrf52840_xxaa/system_nrf52840.c.o
 .comment       0x0000007f       0x80 _build/nrf52840_xxaa/boards.c.o
 .comment       0x0000007f       0x80 _build/nrf52840_xxaa/nrf_drv_clock.c.o
 .comment       0x0000007f       0x80 _build/nrf52840_xxaa/nrf_drv_uart.c.o
 .comment       0x0000007f       0x80 _build/nrf52840_xxaa/nrfx_clock.c.o
 .comment       0x0000007f       0x80 _build/nrf52840_xxaa/nrfx_gpiote.c.o
 .comment       0x0000007f       0x80 _build/nrf52840_xxaa/nrfx_prs.c.o
 .comment       0x0000007f       0x80 _build/nrf52840_xxaa/nrfx_uart.c.o
 .comment       0x0000007f       0x80 _build/nrf52840_xxaa/nrfx_uarte.c.o
 .comment       0x0000007f       0x80 _build/nrf52840_xxaa/main.c.o
 .comment       0x0000007f       0x80 _build/nrf52840_xxaa/ble_advdata.c.o
 .comment       0x0000007f       0x80 _build/nrf52840_xxaa/ble_conn_params.c.o
 .comment       0x0000007f       0x80 _build/nrf52840_xxaa/ble_conn_state.c.o
 .comment       0x0000007f       0x80 _build/nrf52840_xxaa/ble_srv_common.c.o
 .comment       0x0000007f       0x80 _build/nrf52840_xxaa/nrf_ble_gatt.c.o
 .comment       0x0000007f       0x80 _build/nrf52840_xxaa/nrf_ble_qwr.c.o
 .comment       0x0000007f       0x80 _build/nrf52840_xxaa/ble_lbs.c.o
 .comment       0x0000007f       0x80 _build/nrf52840_xxaa/nrf_sdh.c.o
 .comment       0x0000007f       0x80 _build/nrf52840_xxaa/nrf_sdh_ble.c.o
 .comment       0x0000007f       0x80 _build/nrf52840_xxaa/nrf_sdh_soc.c.o

.debug_line     0x00000000    0x1a183
 .debug_line    0x00000000       0x89 _build/nrf52840_xxaa/gcc_startup_nrf52840.S.o
 .debug_line    0x00000089      0x892 _build/nrf52840_xxaa/nrf_log_backend_serial.c.o
 .debug_line    0x0000091b      0xb1d _build/nrf52840_xxaa/nrf_log_backend_uart.c.o
 .debug_line    0x00001438      0x810 _build/nrf52840_xxaa/nrf_log_default_backends.c.o
 .debug_line    0x00001c48      0xf64 _build/nrf52840_xxaa/nrf_log_frontend.c.o
 .debug_line    0x00002bac      0x905 _build/nrf52840_xxaa/nrf_log_str_formatter.c.o
 .debug_line    0x000034b1      0xc84 _build/nrf52840_xxaa/app_button.c.o
 .debug_line    0x00004135      0x51e _build/nrf52840_xxaa/app_error.c.o
 .debug_line    0x00004653      0x885 _build/nrf52840_xxaa/app_error_weak.c.o
 .debug_line    0x00004ed8      0xc98 _build/nrf52840_xxaa/app_timer2.c.o
 .debug_line    0x00005b70      0x634 _build/nrf52840_xxaa/app_util_platform.c.o
 .debug_line    0x000061a4      0xe14 _build/nrf52840_xxaa/drv_rtc.c.o
 .debug_line    0x00006fb8      0x800 _build/nrf52840_xxaa/nrf_atfifo.c.o
 .debug_line    0x000077b8      0x6c5 _build/nrf52840_xxaa/nrf_atflags.c.o
 .debug_line    0x00007e7d      0x724 _build/nrf52840_xxaa/nrf_atomic.c.o
 .debug_line    0x000085a1      0x7e2 _build/nrf52840_xxaa/nrf_balloc.c.o
 .debug_line    0x00008d83      0x5bd _build/nrf52840_xxaa/nrf_fprintf.c.o
 .debug_line    0x00009340      0x7ce _build/nrf52840_xxaa/nrf_fprintf_format.c.o
 .debug_line    0x00009b0e      0x8bf _build/nrf52840_xxaa/nrf_memobj.c.o
 .debug_line    0x0000a3cd      0xc2f _build/nrf52840_xxaa/nrf_pwr_mgmt.c.o
 .debug_line    0x0000affc      0x77e _build/nrf52840_xxaa/nrf_ringbuf.c.o
 .debug_line    0x0000b77a      0x5c7 _build/nrf52840_xxaa/nrf_section_iter.c.o
 .debug_line    0x0000bd41      0x721 _build/nrf52840_xxaa/nrf_sortlist.c.o
 .debug_line    0x0000c462      0x5ca _build/nrf52840_xxaa/nrf_strerror.c.o
 .debug_line    0x0000ca2c      0x425 _build/nrf52840_xxaa/system_nrf52840.c.o
 .debug_line    0x0000ce51      0x974 _build/nrf52840_xxaa/boards.c.o
 .debug_line    0x0000d7c5      0xc86 _build/nrf52840_xxaa/nrf_drv_clock.c.o
 .debug_line    0x0000e44b      0x874 _build/nrf52840_xxaa/nrf_drv_uart.c.o
 .debug_line    0x0000ecbf      0xbcc _build/nrf52840_xxaa/nrfx_clock.c.o
 .debug_line    0x0000f88b     0x14eb _build/nrf52840_xxaa/nrfx_gpiote.c.o
 .debug_line    0x00010d76      0x96d _build/nrf52840_xxaa/nrfx_prs.c.o
 .debug_line    0x000116e3     0x1094 _build/nrf52840_xxaa/nrfx_uart.c.o
 .debug_line    0x00012777     0x1062 _build/nrf52840_xxaa/nrfx_uarte.c.o
 .debug_line    0x000137d9      0xf9c _build/nrf52840_xxaa/main.c.o
 .debug_line    0x00014775      0x9fe _build/nrf52840_xxaa/ble_advdata.c.o
 .debug_line    0x00015173      0xa74 _build/nrf52840_xxaa/ble_conn_params.c.o
 .debug_line    0x00015be7      0xb78 _build/nrf52840_xxaa/ble_conn_state.c.o
 .debug_line    0x0001675f      0x7b8 _build/nrf52840_xxaa/ble_srv_common.c.o
 .debug_line    0x00016f17      0x915 _build/nrf52840_xxaa/nrf_ble_gatt.c.o
 .debug_line    0x0001782c      0x711 _build/nrf52840_xxaa/nrf_ble_qwr.c.o
 .debug_line    0x00017f3d      0x7a7 _build/nrf52840_xxaa/ble_lbs.c.o
 .debug_line    0x000186e4      0x9e0 _build/nrf52840_xxaa/nrf_sdh.c.o
 .debug_line    0x000190c4      0x923 _build/nrf52840_xxaa/nrf_sdh_ble.c.o
 .debug_line    0x000199e7      0x79c _build/nrf52840_xxaa/nrf_sdh_soc.c.o

.debug_info     0x00000000    0x4d771
 .debug_info    0x00000000       0x26 _build/nrf52840_xxaa/gcc_startup_nrf52840.S.o
 .debug_info    0x00000026     0x1125 _build/nrf52840_xxaa/nrf_log_backend_serial.c.o
 .debug_info    0x0000114b     0x1aeb _build/nrf52840_xxaa/nrf_log_backend_uart.c.o
 .debug_info    0x00002c36      0xccc _build/nrf52840_xxaa/nrf_log_default_backends.c.o
 .debug_info    0x00003902     0x392c _build/nrf52840_xxaa/nrf_log_frontend.c.o
 .debug_info    0x0000722e     0x1380 _build/nrf52840_xxaa/nrf_log_str_formatter.c.o
 .debug_info    0x000085ae     0x1a8f _build/nrf52840_xxaa/app_button.c.o
 .debug_info    0x0000a03d      0xaeb _build/nrf52840_xxaa/app_error.c.o
 .debug_info    0x0000ab28      0xf19 _build/nrf52840_xxaa/app_error_weak.c.o
 .debug_info    0x0000ba41     0x1fc1 _build/nrf52840_xxaa/app_timer2.c.o
 .debug_info    0x0000da02     0x11c7 _build/nrf52840_xxaa/app_util_platform.c.o
 .debug_info    0x0000ebc9     0x253e _build/nrf52840_xxaa/drv_rtc.c.o
 .debug_info    0x00011107     0x139d _build/nrf52840_xxaa/nrf_atfifo.c.o
 .debug_info    0x000124a4      0xdfe _build/nrf52840_xxaa/nrf_atflags.c.o
 .debug_info    0x000132a2     0x122a _build/nrf52840_xxaa/nrf_atomic.c.o
 .debug_info    0x000144cc      0xd8d _build/nrf52840_xxaa/nrf_balloc.c.o
 .debug_info    0x00015259      0xaa8 _build/nrf52840_xxaa/nrf_fprintf.c.o
 .debug_info    0x00015d01     0x1338 _build/nrf52840_xxaa/nrf_fprintf_format.c.o
 .debug_info    0x00017039     0x136c _build/nrf52840_xxaa/nrf_memobj.c.o
 .debug_info    0x000183a5     0x1cd1 _build/nrf52840_xxaa/nrf_pwr_mgmt.c.o
 .debug_info    0x0001a076      0xe3a _build/nrf52840_xxaa/nrf_ringbuf.c.o
 .debug_info    0x0001aeb0      0xa21 _build/nrf52840_xxaa/nrf_section_iter.c.o
 .debug_info    0x0001b8d1      0xc7e _build/nrf52840_xxaa/nrf_sortlist.c.o
 .debug_info    0x0001c54f      0xaa2 _build/nrf52840_xxaa/nrf_strerror.c.o
 .debug_info    0x0001cff1     0x137c _build/nrf52840_xxaa/system_nrf52840.c.o
 .debug_info    0x0001e36d     0x1daa _build/nrf52840_xxaa/boards.c.o
 .debug_info    0x00020117     0x1f0d _build/nrf52840_xxaa/nrf_drv_clock.c.o
 .debug_info    0x00022024     0x197a _build/nrf52840_xxaa/nrf_drv_uart.c.o
 .debug_info    0x0002399e     0x1aa0 _build/nrf52840_xxaa/nrfx_clock.c.o
 .debug_info    0x0002543e     0x3b84 _build/nrf52840_xxaa/nrfx_gpiote.c.o
 .debug_info    0x00028fc2     0x10d0 _build/nrf52840_xxaa/nrfx_prs.c.o
 .debug_info    0x0002a092     0x39e1 _build/nrf52840_xxaa/nrfx_uart.c.o
 .debug_info    0x0002da73     0x38c9 _build/nrf52840_xxaa/nrfx_uarte.c.o
 .debug_info    0x0003133c     0x4474 _build/nrf52840_xxaa/main.c.o
 .debug_info    0x000357b0     0x24ae _build/nrf52840_xxaa/ble_advdata.c.o
 .debug_info    0x00037c5e     0x3244 _build/nrf52840_xxaa/ble_conn_params.c.o
 .debug_info    0x0003aea2     0x34ff _build/nrf52840_xxaa/ble_conn_state.c.o
 .debug_info    0x0003e3a1     0x1523 _build/nrf52840_xxaa/ble_srv_common.c.o
 .debug_info    0x0003f8c4     0x3090 _build/nrf52840_xxaa/nrf_ble_gatt.c.o
 .debug_info    0x00042954     0x26b0 _build/nrf52840_xxaa/nrf_ble_qwr.c.o
 .debug_info    0x00045004     0x2896 _build/nrf52840_xxaa/ble_lbs.c.o
 .debug_info    0x0004789a     0x1dbe _build/nrf52840_xxaa/nrf_sdh.c.o
 .debug_info    0x00049658     0x3279 _build/nrf52840_xxaa/nrf_sdh_ble.c.o
 .debug_info    0x0004c8d1      0xea0 _build/nrf52840_xxaa/nrf_sdh_soc.c.o

.debug_abbrev   0x00000000     0x9bbe
 .debug_abbrev  0x00000000       0x14 _build/nrf52840_xxaa/gcc_startup_nrf52840.S.o
 .debug_abbrev  0x00000014      0x27f _build/nrf52840_xxaa/nrf_log_backend_serial.c.o
 .debug_abbrev  0x00000293      0x3ca _build/nrf52840_xxaa/nrf_log_backend_uart.c.o
 .debug_abbrev  0x0000065d      0x256 _build/nrf52840_xxaa/nrf_log_default_backends.c.o
 .debug_abbrev  0x000008b3      0x598 _build/nrf52840_xxaa/nrf_log_frontend.c.o
 .debug_abbrev  0x00000e4b      0x2ba _build/nrf52840_xxaa/nrf_log_str_formatter.c.o
 .debug_abbrev  0x00001105      0x3f1 _build/nrf52840_xxaa/app_button.c.o
 .debug_abbrev  0x000014f6      0x235 _build/nrf52840_xxaa/app_error.c.o
 .debug_abbrev  0x0000172b      0x298 _build/nrf52840_xxaa/app_error_weak.c.o
 .debug_abbrev  0x000019c3      0x4e7 _build/nrf52840_xxaa/app_timer2.c.o
 .debug_abbrev  0x00001eaa      0x381 _build/nrf52840_xxaa/app_util_platform.c.o
 .debug_abbrev  0x0000222b      0x4fd _build/nrf52840_xxaa/drv_rtc.c.o
 .debug_abbrev  0x00002728      0x33b _build/nrf52840_xxaa/nrf_atfifo.c.o
 .debug_abbrev  0x00002a63      0x305 _build/nrf52840_xxaa/nrf_atflags.c.o
 .debug_abbrev  0x00002d68      0x31f _build/nrf52840_xxaa/nrf_atomic.c.o
 .debug_abbrev  0x00003087      0x302 _build/nrf52840_xxaa/nrf_balloc.c.o
 .debug_abbrev  0x00003389      0x239 _build/nrf52840_xxaa/nrf_fprintf.c.o
 .debug_abbrev  0x000035c2      0x37f _build/nrf52840_xxaa/nrf_fprintf_format.c.o
 .debug_abbrev  0x00003941      0x350 _build/nrf52840_xxaa/nrf_memobj.c.o
 .debug_abbrev  0x00003c91      0x46d _build/nrf52840_xxaa/nrf_pwr_mgmt.c.o
 .debug_abbrev  0x000040fe      0x265 _build/nrf52840_xxaa/nrf_ringbuf.c.o
 .debug_abbrev  0x00004363      0x1da _build/nrf52840_xxaa/nrf_section_iter.c.o
 .debug_abbrev  0x0000453d      0x263 _build/nrf52840_xxaa/nrf_sortlist.c.o
 .debug_abbrev  0x000047a0      0x248 _build/nrf52840_xxaa/nrf_strerror.c.o
 .debug_abbrev  0x000049e8      0x1eb _build/nrf52840_xxaa/system_nrf52840.c.o
 .debug_abbrev  0x00004bd3      0x416 _build/nrf52840_xxaa/boards.c.o
 .debug_abbrev  0x00004fe9      0x550 _build/nrf52840_xxaa/nrf_drv_clock.c.o
 .debug_abbrev  0x00005539      0x298 _build/nrf52840_xxaa/nrf_drv_uart.c.o
 .debug_abbrev  0x000057d1      0x4b4 _build/nrf52840_xxaa/nrfx_clock.c.o
 .debug_abbrev  0x00005c85      0x51b _build/nrf52840_xxaa/nrfx_gpiote.c.o
 .debug_abbrev  0x000061a0      0x30c _build/nrf52840_xxaa/nrfx_prs.c.o
 .debug_abbrev  0x000064ac      0x509 _build/nrf52840_xxaa/nrfx_uart.c.o
 .debug_abbrev  0x000069b5      0x4d1 _build/nrf52840_xxaa/nrfx_uarte.c.o
 .debug_abbrev  0x00006e86      0x49b _build/nrf52840_xxaa/main.c.o
 .debug_abbrev  0x00007321      0x436 _build/nrf52840_xxaa/ble_advdata.c.o
 .debug_abbrev  0x00007757      0x4fb _build/nrf52840_xxaa/ble_conn_params.c.o
 .debug_abbrev  0x00007c52      0x4fc _build/nrf52840_xxaa/ble_conn_state.c.o
 .debug_abbrev  0x0000814e      0x34f _build/nrf52840_xxaa/ble_srv_common.c.o
 .debug_abbrev  0x0000849d      0x442 _build/nrf52840_xxaa/nrf_ble_gatt.c.o
 .debug_abbrev  0x000088df      0x377 _build/nrf52840_xxaa/nrf_ble_qwr.c.o
 .debug_abbrev  0x00008c56      0x37b _build/nrf52840_xxaa/ble_lbs.c.o
 .debug_abbrev  0x00008fd1      0x4e7 _build/nrf52840_xxaa/nrf_sdh.c.o
 .debug_abbrev  0x000094b8      0x444 _build/nrf52840_xxaa/nrf_sdh_ble.c.o
 .debug_abbrev  0x000098fc      0x2c2 _build/nrf52840_xxaa/nrf_sdh_soc.c.o

.debug_aranges  0x00000000      0xf28
 .debug_aranges
                0x00000000       0x20 _build/nrf52840_xxaa/gcc_startup_nrf52840.S.o
 .debug_aranges
                0x00000020       0x20 _build/nrf52840_xxaa/nrf_log_backend_serial.c.o
 .debug_aranges
                0x00000040       0x48 _build/nrf52840_xxaa/nrf_log_backend_uart.c.o
 .debug_aranges
                0x00000088       0x20 _build/nrf52840_xxaa/nrf_log_default_backends.c.o
 .debug_aranges
                0x000000a8       0xc8 _build/nrf52840_xxaa/nrf_log_frontend.c.o
 .debug_aranges
                0x00000170       0x30 _build/nrf52840_xxaa/nrf_log_str_formatter.c.o
 .debug_aranges
                0x000001a0       0x50 _build/nrf52840_xxaa/app_button.c.o
 .debug_aranges
                0x000001f0       0x28 _build/nrf52840_xxaa/app_error.c.o
 .debug_aranges
                0x00000218       0x20 _build/nrf52840_xxaa/app_error_weak.c.o
 .debug_aranges
                0x00000238       0x70 _build/nrf52840_xxaa/app_timer2.c.o
 .debug_aranges
                0x000002a8       0x48 _build/nrf52840_xxaa/app_util_platform.c.o
 .debug_aranges
                0x000002f0       0xa8 _build/nrf52840_xxaa/drv_rtc.c.o
 .debug_aranges
                0x00000398       0x58 _build/nrf52840_xxaa/nrf_atfifo.c.o
 .debug_aranges
                0x000003f0       0x58 _build/nrf52840_xxaa/nrf_atflags.c.o
 .debug_aranges
                0x00000448       0xb0 _build/nrf52840_xxaa/nrf_atomic.c.o
 .debug_aranges
                0x000004f8       0x30 _build/nrf52840_xxaa/nrf_balloc.c.o
 .debug_aranges
                0x00000528       0x28 _build/nrf52840_xxaa/nrf_fprintf.c.o
 .debug_aranges
                0x00000550       0x28 _build/nrf52840_xxaa/nrf_fprintf_format.c.o
 .debug_aranges
                0x00000578       0x50 _build/nrf52840_xxaa/nrf_memobj.c.o
 .debug_aranges
                0x000005c8       0x48 _build/nrf52840_xxaa/nrf_pwr_mgmt.c.o
 .debug_aranges
                0x00000610       0x50 _build/nrf52840_xxaa/nrf_ringbuf.c.o
 .debug_aranges
                0x00000660       0x28 _build/nrf52840_xxaa/nrf_section_iter.c.o
 .debug_aranges
                0x00000688       0x40 _build/nrf52840_xxaa/nrf_sortlist.c.o
 .debug_aranges
                0x000006c8       0x28 _build/nrf52840_xxaa/nrf_strerror.c.o
 .debug_aranges
                0x000006f0       0x28 _build/nrf52840_xxaa/system_nrf52840.c.o
 .debug_aranges
                0x00000718       0x78 _build/nrf52840_xxaa/boards.c.o
 .debug_aranges
                0x00000790       0xa8 _build/nrf52840_xxaa/nrf_drv_clock.c.o
 .debug_aranges
                0x00000838       0x30 _build/nrf52840_xxaa/nrf_drv_uart.c.o
 .debug_aranges
                0x00000868       0x78 _build/nrf52840_xxaa/nrfx_clock.c.o
 .debug_aranges
                0x000008e0       0xd8 _build/nrf52840_xxaa/nrfx_gpiote.c.o
 .debug_aranges
                0x000009b8       0x30 _build/nrf52840_xxaa/nrfx_prs.c.o
 .debug_aranges
                0x000009e8       0x78 _build/nrf52840_xxaa/nrfx_uart.c.o
 .debug_aranges
                0x00000a60       0x68 _build/nrf52840_xxaa/nrfx_uarte.c.o
 .debug_aranges
                0x00000ac8       0x90 _build/nrf52840_xxaa/main.c.o
 .debug_aranges
                0x00000b58       0x78 _build/nrf52840_xxaa/ble_advdata.c.o
 .debug_aranges
                0x00000bd0       0x60 _build/nrf52840_xxaa/ble_conn_params.c.o
 .debug_aranges
                0x00000c30       0xc8 _build/nrf52840_xxaa/ble_conn_state.c.o
 .debug_aranges
                0x00000cf8       0x58 _build/nrf52840_xxaa/ble_srv_common.c.o
 .debug_aranges
                0x00000d50       0x68 _build/nrf52840_xxaa/nrf_ble_gatt.c.o
 .debug_aranges
                0x00000db8       0x40 _build/nrf52840_xxaa/nrf_ble_qwr.c.o
 .debug_aranges
                0x00000df8       0x48 _build/nrf52840_xxaa/ble_lbs.c.o
 .debug_aranges
                0x00000e40       0x70 _build/nrf52840_xxaa/nrf_sdh.c.o
 .debug_aranges
                0x00000eb0       0x50 _build/nrf52840_xxaa/nrf_sdh_ble.c.o
 .debug_aranges
                0x00000f00       0x28 _build/nrf52840_xxaa/nrf_sdh_soc.c.o

.debug_str      0x00000000    0xacf8e
 .debug_str     0x00000000       0xad _build/nrf52840_xxaa/gcc_startup_nrf52840.S.o
 .debug_str     0x000000ad    0x8aa64 _build/nrf52840_xxaa/nrf_log_backend_serial.c.o
                              0x8d24b (size before relaxing)
 .debug_str     0x0008ab11     0x8591 _build/nrf52840_xxaa/nrf_log_backend_uart.c.o
                              0x952d2 (size before relaxing)
 .debug_str     0x000930a2      0x11c _build/nrf52840_xxaa/nrf_log_default_backends.c.o
                              0x8d002 (size before relaxing)
 .debug_str     0x000931be     0x136b _build/nrf52840_xxaa/nrf_log_frontend.c.o
                              0x8e4b9 (size before relaxing)
 .debug_str     0x00094529      0x6a4 _build/nrf52840_xxaa/nrf_log_str_formatter.c.o
                              0x8d763 (size before relaxing)
 .debug_str     0x00094bcd     0x1a92 _build/nrf52840_xxaa/app_button.c.o
                              0x95059 (size before relaxing)
 .debug_str     0x0009665f       0xf4 _build/nrf52840_xxaa/app_error.c.o
                              0x77fa8 (size before relaxing)
 .debug_str     0x00096753      0xa52 _build/nrf52840_xxaa/app_error_weak.c.o
                              0x8e044 (size before relaxing)
 .debug_str     0x000971a5     0x113b _build/nrf52840_xxaa/app_timer2.c.o
                              0x94d4a (size before relaxing)
 .debug_str     0x000982e0      0x298 _build/nrf52840_xxaa/app_util_platform.c.o
                              0x793d8 (size before relaxing)
 .debug_str     0x00098578      0x7ad _build/nrf52840_xxaa/drv_rtc.c.o
                              0x946a9 (size before relaxing)
 .debug_str     0x00098d25      0x15c _build/nrf52840_xxaa/nrf_atfifo.c.o
                              0x8af97 (size before relaxing)
 .debug_str     0x00098e81      0x3c4 _build/nrf52840_xxaa/nrf_atflags.c.o
                              0x8835d (size before relaxing)
 .debug_str     0x00099245      0x65b _build/nrf52840_xxaa/nrf_atomic.c.o
                              0x886b8 (size before relaxing)
 .debug_str     0x000998a0      0x154 _build/nrf52840_xxaa/nrf_balloc.c.o
                              0x8cffc (size before relaxing)
 .debug_str     0x000999f4      0x144 _build/nrf52840_xxaa/nrf_fprintf.c.o
                              0x88311 (size before relaxing)
 .debug_str     0x00099b38      0x511 _build/nrf52840_xxaa/nrf_fprintf_format.c.o
                              0x887fa (size before relaxing)
 .debug_str     0x0009a049      0x1a5 _build/nrf52840_xxaa/nrf_memobj.c.o
                              0x8b3b4 (size before relaxing)
 .debug_str     0x0009a1ee     0x17c2 _build/nrf52840_xxaa/nrf_pwr_mgmt.c.o
                              0x965e4 (size before relaxing)
 .debug_str     0x0009b9b0       0xdc _build/nrf52840_xxaa/nrf_ringbuf.c.o
                              0x89aa6 (size before relaxing)
 .debug_str     0x0009ba8c       0x54 _build/nrf52840_xxaa/nrf_section_iter.c.o
                              0x884e0 (size before relaxing)
 .debug_str     0x0009bae0       0xc5 _build/nrf52840_xxaa/nrf_sortlist.c.o
                              0x8abe6 (size before relaxing)
 .debug_str     0x0009bba5       0xed _build/nrf52840_xxaa/nrf_strerror.c.o
                              0x8807d (size before relaxing)
 .debug_str     0x0009bc92      0x487 _build/nrf52840_xxaa/system_nrf52840.c.o
                              0x73c11 (size before relaxing)
 .debug_str     0x0009c119      0xfc9 _build/nrf52840_xxaa/boards.c.o
                              0x91a24 (size before relaxing)
 .debug_str     0x0009d0e2      0xea5 _build/nrf52840_xxaa/nrf_drv_clock.c.o
                              0x9529e (size before relaxing)
 .debug_str     0x0009df87      0x45c _build/nrf52840_xxaa/nrf_drv_uart.c.o
                              0x91aaf (size before relaxing)
 .debug_str     0x0009e3e3      0x79f _build/nrf52840_xxaa/nrfx_clock.c.o
                              0x945de (size before relaxing)
 .debug_str     0x0009eb82      0xce2 _build/nrf52840_xxaa/nrfx_gpiote.c.o
                              0x9588a (size before relaxing)